Archive member included to satisfy reference by file (symbol)

C:/ST/STM32CubeIDE_2.0.0/STM32CubeIDE/plugins/com.st.stm32cube.ide.mcu.externaltools.gnu-tools-for-stm32.13.3.rel1.win32_1.0.100.202509120712/tools/bin/../lib/gcc/arm-none-eabi/13.3.1/../../../../arm-none-eabi/lib/thumb/v7e-m+fp/hard\libc_nano.a(libc_a-exit.o)
                              C:/ST/STM32CubeIDE_2.0.0/STM32CubeIDE/plugins/com.st.stm32cube.ide.mcu.externaltools.gnu-tools-for-stm32.13.3.rel1.win32_1.0.100.202509120712/tools/bin/../lib/gcc/arm-none-eabi/13.3.1/../../../../arm-none-eabi/lib/thumb/v7e-m+fp/hard/crt0.o (exit)
C:/ST/STM32CubeIDE_2.0.0/STM32CubeIDE/plugins/com.st.stm32cube.ide.mcu.externaltools.gnu-tools-for-stm32.13.3.rel1.win32_1.0.100.202509120712/tools/bin/../lib/gcc/arm-none-eabi/13.3.1/../../../../arm-none-eabi/lib/thumb/v7e-m+fp/hard\libc_nano.a(libc_a-strtod.o)
                              ./App/systems/can_system.o (strtof)
C:/ST/STM32CubeIDE_2.0.0/STM32CubeIDE/plugins/com.st.stm32cube.ide.mcu.externaltools.gnu-tools-for-stm32.13.3.rel1.win32_1.0.100.202509120712/tools/bin/../lib/gcc/arm-none-eabi/13.3.1/../../../../arm-none-eabi/lib/thumb/v7e-m+fp/hard\libc_nano.a(libc_a-strtol.o)
                              ./App/systems/can_system.o (strtol)
C:/ST/STM32CubeIDE_2.0.0/STM32CubeIDE/plugins/com.st.stm32cube.ide.mcu.externaltools.gnu-tools-for-stm32.13.3.rel1.win32_1.0.100.202509120712/tools/bin/../lib/gcc/arm-none-eabi/13.3.1/../../../../arm-none-eabi/lib/thumb/v7e-m+fp/hard\libc_nano.a(libc_a-strtoul.o)
                              ./App/systems/can_system.o (strtoul)
C:/ST/STM32CubeIDE_2.0.0/STM32CubeIDE/plugins/com.st.stm32cube.ide.mcu.externaltools.gnu-tools-for-stm32.13.3.rel1.win32_1.0.100.202509120712/tools/bin/../lib/gcc/arm-none-eabi/13.3.1/../../../../arm-none-eabi/lib/thumb/v7e-m+fp/hard\libc_nano.a(libc_a-ctype_.o)
                              C:/ST/STM32CubeIDE_2.0.0/STM32CubeIDE/plugins/com.st.stm32cube.ide.mcu.externaltools.gnu-tools-for-stm32.13.3.rel1.win32_1.0.100.202509120712/tools/bin/../lib/gcc/arm-none-eabi/13.3.1/../../../../arm-none-eabi/lib/thumb/v7e-m+fp/hard\libc_nano.a(libc_a-strtol.o) (_ctype_)
C:/ST/STM32CubeIDE_2.0.0/STM32CubeIDE/plugins/com.st.stm32cube.ide.mcu.externaltools.gnu-tools-for-stm32.13.3.rel1.win32_1.0.100.202509120712/tools/bin/../lib/gcc/arm-none-eabi/13.3.1/../../../../arm-none-eabi/lib/thumb/v7e-m+fp/hard\libc_nano.a(libc_a-findfp.o)
                              C:/ST/STM32CubeIDE_2.0.0/STM32CubeIDE/plugins/com.st.stm32cube.ide.mcu.externaltools.gnu-tools-for-stm32.13.3.rel1.win32_1.0.100.202509120712/tools/bin/../lib/gcc/arm-none-eabi/13.3.1/../../../../arm-none-eabi/lib/thumb/v7e-m+fp/hard\libc_nano.a(libc_a-exit.o) (__stdio_exit_handler)
C:/ST/STM32CubeIDE_2.0.0/STM32CubeIDE/plugins/com.st.stm32cube.ide.mcu.externaltools.gnu-tools-for-stm32.13.3.rel1.win32_1.0.100.202509120712/tools/bin/../lib/gcc/arm-none-eabi/13.3.1/../../../../arm-none-eabi/lib/thumb/v7e-m+fp/hard\libc_nano.a(libc_a-fwalk.o)
                              C:/ST/STM32CubeIDE_2.0.0/STM32CubeIDE/plugins/com.st.stm32cube.ide.mcu.externaltools.gnu-tools-for-stm32.13.3.rel1.win32_1.0.100.202509120712/tools/bin/../lib/gcc/arm-none-eabi/13.3.1/../../../../arm-none-eabi/lib/thumb/v7e-m+fp/hard\libc_nano.a(libc_a-findfp.o) (_fwalk_sglue)
C:/ST/STM32CubeIDE_2.0.0/STM32CubeIDE/plugins/com.st.stm32cube.ide.mcu.externaltools.gnu-tools-for-stm32.13.3.rel1.win32_1.0.100.202509120712/tools/bin/../lib/gcc/arm-none-eabi/13.3.1/../../../../arm-none-eabi/lib/thumb/v7e-m+fp/hard\libc_nano.a(libc_a-stdio.o)
                              C:/ST/STM32CubeIDE_2.0.0/STM32CubeIDE/plugins/com.st.stm32cube.ide.mcu.externaltools.gnu-tools-for-stm32.13.3.rel1.win32_1.0.100.202509120712/tools/bin/../lib/gcc/arm-none-eabi/13.3.1/../../../../arm-none-eabi/lib/thumb/v7e-m+fp/hard\libc_nano.a(libc_a-findfp.o) (__sread)
C:/ST/STM32CubeIDE_2.0.0/STM32CubeIDE/plugins/com.st.stm32cube.ide.mcu.externaltools.gnu-tools-for-stm32.13.3.rel1.win32_1.0.100.202509120712/tools/bin/../lib/gcc/arm-none-eabi/13.3.1/../../../../arm-none-eabi/lib/thumb/v7e-m+fp/hard\libc_nano.a(libc_a-memset.o)
                              C:/ST/STM32CubeIDE_2.0.0/STM32CubeIDE/plugins/com.st.stm32cube.ide.mcu.externaltools.gnu-tools-for-stm32.13.3.rel1.win32_1.0.100.202509120712/tools/bin/../lib/gcc/arm-none-eabi/13.3.1/../../../../arm-none-eabi/lib/thumb/v7e-m+fp/hard/crt0.o (memset)
C:/ST/STM32CubeIDE_2.0.0/STM32CubeIDE/plugins/com.st.stm32cube.ide.mcu.externaltools.gnu-tools-for-stm32.13.3.rel1.win32_1.0.100.202509120712/tools/bin/../lib/gcc/arm-none-eabi/13.3.1/../../../../arm-none-eabi/lib/thumb/v7e-m+fp/hard\libc_nano.a(libc_a-strchr.o)
                              ./App/systems/can_system.o (strchr)
[...]
Memory Configuration

Name             Origin             Length             Attributes
RAM              0x20000000         0x00018000         xrw
RAM2             0x10000000         0x00008000         xrw
FLASH            0x08000000         0x00100000         xr
*default*        0x00000000         0xffffffff

Linker script and memory map

LOAD C:/ST/STM32CubeIDE_2.0.0/STM32CubeIDE/plugins/com.st.stm32cube.ide.mcu.externaltools.gnu-tools-for-stm32.13.3.rel1.win32_1.0.100.202509120712/tools/bin/../lib/gcc/arm-none-eabi/13.3.1/thumb/v7e-m+fp/hard/crti.o
LOAD C:/ST/STM32CubeIDE_2.0.0/STM32CubeIDE/plugins/com.st.stm32cube.ide.mcu.externaltools.gnu-tools-for-stm32.13.3.rel1.win32_1.0.100.202509120712/tools/bin/../lib/gcc/arm-none-eabi/13.3.1/thumb/v7e-m+fp/hard/crtbegin.o
LOAD C:/ST/STM32CubeIDE_2.0.0/STM32CubeIDE/plugins/com.st.stm32cube.ide.mcu.externaltools.gnu-tools-for-stm32.13.3.rel1.win32_1.0.100.202509120712/tools/bin/../lib/gcc/arm-none-eabi/13.3.1/../../../../arm-none-eabi/lib/thumb/v7e-m+fp/hard/crt0.o
LOAD ./App/Src/can_config.o
LOAD ./App/Src/can_params.o
LOAD ./App/dbc/can_dbc_text.o
LOAD ./App/rr/rr_scheduler.o
LOAD ./App/systems/can_system.o
LOAD ./App/systems/pcb_led_system.o
LOAD ./Core/Src/error_handler.o
LOAD ./Core/Src/main.o
LOAD ./Core/Startup/startup_stm32l476rgtx.o
LOAD ./Drivers/STM32L4xx_HAL_Driver/Src/stm32l4xx_hal.o
LOAD ./Drivers/STM32L4xx_HAL_Driver/Src/stm32l4xx_hal_can.o
LOAD ./Drivers/STM32L4xx_HAL_Driver/Src/stm32l4xx_hal_cortex.o
LOAD ./Drivers/STM32L4xx_HAL_Driver/Src/stm32l4xx_hal_dma.o
LOAD ./Drivers/STM32L4xx_HAL_Driver/Src/stm32l4xx_hal_dma_ex.o
LOAD ./Drivers/STM32L4xx_HAL_Driver/Src/stm32l4xx_hal_exti.o
LOAD ./Drivers/STM32L4xx_HAL_Driver/Src/stm32l4xx_hal_flash.o
LOAD ./Drivers/STM32L4xx_HAL_Driver/Src/stm32l4xx_hal_flash_ex.o
LOAD ./Drivers/STM32L4xx_HAL_Driver/Src/stm32l4xx_hal_flash_ramfunc.o
LOAD ./Drivers/STM32L4xx_HAL_Driver/Src/stm32l4xx_hal_gpio.o
LOAD ./Drivers/STM32L4xx_HAL_Driver/Src/stm32l4xx_hal_i2c.o
LOAD ./Drivers/STM32L4xx_HAL_Driver/Src/stm32l4xx_hal_i2c_ex.o
LOAD ./Drivers/STM32L4xx_HAL_Driver/Src/stm32l4xx_hal_pwr.o
LOAD ./Drivers/STM32L4xx_HAL_Driver/Src/stm32l4xx_hal_pwr_ex.o
LOAD ./Drivers/STM32L4xx_HAL_Driver/Src/stm32l4xx_hal_rcc.o
LOAD ./Drivers/STM32L4xx_HAL_Driver/Src/stm32l4xx_hal_rcc_ex.o
LOAD ./Drivers/STM32L4xx_HAL_Driver/Src/stm32l4xx_hal_uart.o
LOAD ./Drivers/STM32L4xx_HAL_Driver/Src/stm32l4xx_hal_uart_ex.o
LOAD ./Platform/Src/can.o
LOAD ./Platform/Src/gpio.o
LOAD ./Platform/Src/stm32l4xx_hal_msp.o
LOAD ./Platform/Src/stm32l4xx_it.o
LOAD ./Platform/Src/syscalls.o
LOAD ./Platform/Src/sysmem.o
LOAD ./Platform/Src/system_clock.o
LOAD ./Platform/Src/system_stm32l4xx.o
LOAD ./Platform/Src/usart.o
START GROUP
LOAD C:/ST/STM32CubeIDE_2.0.0/STM32CubeIDE/plugins/com.st.stm32cube.ide.mcu.externaltools.gnu-tools-for-stm32.13.3.rel1.win32_1.0.100.202509120712/tools/bin/../lib/gcc/arm-none-eabi/13.3.1/../../../../arm-none-eabi/lib/thumb/v7e-m+fp/hard\libc_nano.a
LOAD C:/ST/STM32CubeIDE_2.0.0/STM32CubeIDE/plugins/com.st.stm32cube.ide.mcu.externaltools.gnu-tools-for-stm32.13.3.rel1.win32_1.0.100.202509120712/tools/bin/../lib/gcc/arm-none-eabi/13.3.1/../../../../arm-none-eabi/lib/thumb/v7e-m+fp/hard\libm.a
END GROUP
START GROUP
LOAD C:/ST/STM32CubeIDE_2.0.0/STM32CubeIDE/plugins/com.st.stm32cube.ide.mcu.externaltools.gnu-tools-for-stm32.13.3.rel1.win32_1.0.100.202509120712/tools/bin/../lib/gcc/arm-none-eabi/13.3.1/thumb/v7e-m+fp/hard\libgcc.a
LOAD C:/ST/STM32CubeIDE_2.0.0/STM32CubeIDE/plugins/com.st.stm32cube.ide.mcu.externaltools.gnu-tools-for-stm32.13.3.rel1.win32_1.0.100.202509120712/tools/bin/../lib/gcc/arm-none-eabi/13.3.1/../../../../arm-none-eabi/lib/thumb/v7e-m+fp/hard\libc_nano.a
END GROUP
START GROUP
LOAD C:/ST/STM32CubeIDE_2.0.0/STM32CubeIDE/plugins/com.st.stm32cube.ide.mcu.externaltools.gnu-tools-for-stm32.13.3.rel1.win32_1.0.100.202509120712/tools/bin/../lib/gcc/arm-none-eabi/13.3.1/thumb/v7e-m+fp/hard\libgcc.a
LOAD C:/ST/STM32CubeIDE_2.0.0/STM32CubeIDE/plugins/com.st.stm32cube.ide.mcu.externaltools.gnu-tools-for-stm32.13.3.rel1.win32_1.0.100.202509120712/tools/bin/../lib/gcc/arm-none-eabi/13.3.1/../../../../arm-none-eabi/lib/thumb/v7e-m+fp/hard\libc_nano.a
LOAD C:/ST/STM32CubeIDE_2.0.0/STM32CubeIDE/plugins/com.st.stm32cube.ide.mcu.externaltools.gnu-tools-for-stm32.13.3.rel1.win32_1.0.100.202509120712/tools/bin/../lib/gcc/arm-none-eabi/13.3.1/../../../../arm-none-eabi/lib/thumb/v7e-m+fp/hard\libnosys.a
END GROUP
START GROUP
LOAD C:/ST/STM32CubeIDE_2.0.0/STM32CubeIDE/plugins/com.st.stm32cube.ide.mcu.externaltools.gnu-tools-for-stm32.13.3.rel1.win32_1.0.100.202509120712/tools/bin/../lib/gcc/arm-none-eabi/13.3.1/thumb/v7e-m+fp/hard\libgcc.a
LOAD C:/ST/STM32CubeIDE_2.0.0/STM32CubeIDE/plugins/com.st.stm32cube.ide.mcu.externaltools.gnu-tools-for-stm32.13.3.rel1.win32_1.0.100.202509120712/tools/bin/../lib/gcc/arm-none-eabi/13.3.1/../../../../arm-none-eabi/lib/thumb/v7e-m+fp/hard\libc_nano.a
LOAD C:/ST/STM32CubeIDE_2.0.0/STM32CubeIDE/plugins/com.st.stm32cube.ide.mcu.externaltools.gnu-tools-for-stm32.13.3.rel1.win32_1.0.100.202509120712/tools/bin/../lib/gcc/arm-none-eabi/13.3.1/../../../../arm-none-eabi/lib/thumb/v7e-m+fp/hard\libnosys.a
END GROUP
LOAD C:/ST/STM32CubeIDE_2.0.0/STM32CubeIDE/plugins/com.st.stm32cube.ide.mcu.externaltools.gnu-tools-for-stm32.13.3.rel1.win32_1.0.100.202509120712/tools/bin/../lib/gcc/arm-none-eabi/13.3.1/thumb/v7e-m+fp/hard/crtend.o
LOAD C:/ST/STM32CubeIDE_2.0.0/STM32CubeIDE/plugins/com.st.stm32cube.ide.mcu.externaltools.gnu-tools-for-stm32.13.3.rel1.win32_1.0.100.202509120712/tools/bin/../lib/gcc/arm-none-eabi/13.3.1/thumb/v7e-m+fp/hard/crtn.o
                0x20018000                        _estack = (ORIGIN (RAM) + LENGTH (RAM))
                0x00000200                        _Min_Heap_Size = 0x200
                0x00000400                        _Min_Stack_Size = 0x400

.isr_vector     0x08000000      0x188
                0x08000000                        . = ALIGN (0x4)
 *(.isr_vector)
 .isr_vector    0x08000000      0x188 ./Core/Startup/startup_stm32l476rgtx.o
                0x08000000                g_pfnVectors
                0x08000188                        . = ALIGN (0x4)

.text           0x08000190     0x91c4
                0x08000190                        . = ALIGN (0x4)
 *(.text)
 .text          0x08000190       0x40 C:/ST/STM32CubeIDE_2.0.0/STM32CubeIDE/plugins/com.st.stm32cube.ide.mcu.externaltools.gnu-tools-for-stm32.13.3.rel1.win32_1.0.100.202509120712/tools/bin/../lib/gcc/arm-none-eabi/13.3.1/thumb/v7e-m+fp/hard/crtbegin.o
 .text          0x080001d0       0x14 C:/ST/STM32CubeIDE_2.0.0/STM32CubeIDE/plugins/com.st.stm32cube.ide.mcu.externaltools.gnu-tools-for-stm32.13.3.rel1.win32_1.0.100.202509120712/tools/bin/../lib/gcc/arm-none-eabi/13.3.1/../../../../arm-none-eabi/lib/thumb/v7e-m+fp/hard\libc_nano.a(libc_a-strcmp.o)
                0x080001d0                strcmp
 *fill*         0x080001e4        0xc 
 .text          0x080001f0       0xa0 C:/ST/STM32CubeIDE_2.0.0/STM32CubeIDE/plugins/com.st.stm32cube.ide.mcu.externaltools.gnu-tools-for-stm32.13.3.rel1.win32_1.0.100.202509120712/tools/bin/../lib/gcc/arm-none-eabi/13.3.1/../../../../arm-none-eabi/lib/thumb/v7e-m+fp/hard\libc_nano.a(libc_a-memchr.o)
                0x080001f0                memchr
 .text          0x08000290      0x378 C:/ST/STM32CubeIDE_2.0.0/STM32CubeIDE/plugins/com.st.stm32cube.ide.mcu.externaltools.gnu-tools-for-stm32.13.3.rel1.win32_1.0.100.202509120712/tools/bin/../lib/gcc/arm-none-eabi/13.3.1/thumb/v7e-m+fp/hard\libgcc.a(_arm_addsubdf3.o)
                0x08000290                __aeabi_drsub
                0x08000298                __aeabi_dsub
                0x08000298                __subdf3
                0x0800029c                __aeabi_dadd
                0x0800029c                __adddf3
                0x08000514                __floatunsidf
                0x08000514                __aeabi_ui2d
                0x08000534                __floatsidf
                0x08000534                __aeabi_i2d
                0x08000558                __aeabi_f2d
                0x08000558                __extendsfdf2
                0x0800059c                __floatundidf
                0x0800059c                __aeabi_ul2d
                0x080005ac                __floatdidf
                0x080005ac                __aeabi_l2d
 .text          0x08000608      0x424 C:/ST/STM32CubeIDE_2.0.0/STM32CubeIDE/plugins/com.st.stm32cube.ide.mcu.externaltools.gnu-tools-for-stm32.13.3.rel1.win32_1.0.100.202509120712/tools/bin/../lib/gcc/arm-none-eabi/13.3.1/thumb/v7e-m+fp/hard\libgcc.a(_arm_muldivdf3.o)
                0x08000608                __aeabi_dmul
                0x08000608                __muldf3
                0x0800085c                __divdf3
                0x0800085c                __aeabi_ddiv
 .text          0x08000a2c      0x110 C:/ST/STM32CubeIDE_2.0.0/STM32CubeIDE/plugins/com.st.stm32cube.ide.mcu.externaltools.gnu-tools-for-stm32.13.3.rel1.win32_1.0.100.202509120712/tools/bin/../lib/gcc/arm-none-eabi/13.3.1/thumb/v7e-m+fp/hard\libgcc.a(_arm_cmpdf2.o)
                0x08000a2c                __gtdf2
                0x08000a2c                __gedf2
                0x08000a34                __ltdf2
                0x08000a34                __ledf2
                0x08000a3c                __nedf2
                0x08000a3c                __eqdf2
                0x08000a3c                __cmpdf2
                0x08000ab8                __aeabi_cdrcmple
                0x08000ac8                __aeabi_cdcmpeq
                0x08000ac8                __aeabi_cdcmple
                0x08000ad8                __aeabi_dcmpeq
                0x08000aec                __aeabi_dcmplt
                0x08000b00                __aeabi_dcmple
                0x08000b14                __aeabi_dcmpge
                0x08000b28                __aeabi_dcmpgt
 .text          0x08000b3c       0x2c C:/ST/STM32CubeIDE_2.0.0/STM32CubeIDE/plugins/com.st.stm32cube.ide.mcu.externaltools.gnu-tools-for-stm32.13.3.rel1.win32_1.0.100.202509120712/tools/bin/../lib/gcc/arm-none-eabi/13.3.1/thumb/v7e-m+fp/hard\libgcc.a(_arm_unorddf2.o)
                0x08000b3c                __unorddf2
                0x08000b3c                __aeabi_dcmpun
 .text          0x08000b68       0x40 C:/ST/STM32CubeIDE_2.0.0/STM32CubeIDE/plugins/com.st.stm32cube.ide.mcu.externaltools.gnu-tools-for-stm32.13.3.rel1.win32_1.0.100.202509120712/tools/bin/../lib/gcc/arm-none-eabi/13.3.1/thumb/v7e-m+fp/hard\libgcc.a(_arm_fixunsdfsi.o)
                0x08000b68                __aeabi_d2uiz
                0x08000b68                __fixunsdfsi
 .text          0x08000ba8       0xa0 C:/ST/STM32CubeIDE_2.0.0/STM32CubeIDE/plugins/com.st.stm32cube.ide.mcu.externaltools.gnu-tools-for-stm32.13.3.rel1.win32_1.0.100.202509120712/tools/bin/../lib/gcc/arm-none-eabi/13.3.1/thumb/v7e-m+fp/hard\libgcc.a(_arm_truncdfsf2.o)
                0x08000ba8                __truncdfsf2
                0x08000ba8                __aeabi_d2f
 .text          0x08000c48       0x30 C:/ST/STM32CubeIDE_2.0.0/STM32CubeIDE/plugins/com.st.stm32cube.ide.mcu.externaltools.gnu-tools-for-stm32.13.3.rel1.win32_1.0.100.202509120712/tools/bin/../lib/gcc/arm-none-eabi/13.3.1/thumb/v7e-m+fp/hard\libgcc.a(_aeabi_uldivmod.o)
                0x08000c48                __aeabi_uldivmod
 .text          0x08000c78       0x30 C:/ST/STM32CubeIDE_2.0.0/STM32CubeIDE/plugins/com.st.stm32cube.ide.mcu.externaltools.gnu-tools-for-stm32.13.3.rel1.win32_1.0.100.202509120712/tools/bin/../lib/gcc/arm-none-eabi/13.3.1/thumb/v7e-m+fp/hard\libgcc.a(_fixdfdi.o)
                0x08000c78                __fixdfdi
                0x08000c78                __aeabi_d2lz
 .text          0x08000ca8       0x3c C:/ST/STM32CubeIDE_2.0.0/STM32CubeIDE/plugins/com.st.stm32cube.ide.mcu.externaltools.gnu-tools-for-stm32.13.3.rel1.win32_1.0.100.202509120712/tools/bin/../lib/gcc/arm-none-eabi/13.3.1/thumb/v7e-m+fp/hard\libgcc.a(_fixunsdfdi.o)
                0x08000ca8                __fixunsdfdi
                0x08000ca8                __aeabi_d2ulz
 .text          0x08000ce4      0x2f8 C:/ST/STM32CubeIDE_2.0.0/STM32CubeIDE/plugins/com.st.stm32cube.ide.mcu.externaltools.gnu-tools-for-stm32.13.3.rel1.win32_1.0.100.202509120712/tools/bin/../lib/gcc/arm-none-eabi/13.3.1/thumb/v7e-m+fp/hard\libgcc.a(_udivmoddi4.o)
                0x08000ce4                __udivmoddi4
 .text          0x08000fdc        0x4 C:/ST/STM32CubeIDE_2.0.0/STM32CubeIDE/plugins/com.st.stm32cube.ide.mcu.externaltools.gnu-tools-for-stm32.13.3.rel1.win32_1.0.100.202509120712/tools/bin/../lib/gcc/arm-none-eabi/13.3.1/thumb/v7e-m+fp/hard\libgcc.a(_dvmd_tls.o)
                0x08000fdc                __aeabi_idiv0
                0x08000fdc                __aeabi_ldiv0
 *(.text*)
 .text.CanParams__Reset
                0x08000fe0       0x80 ./App/Src/can_params.o
                0x08000fe0                CanParams__Reset
 .text.CanParams__Create
                0x08001060       0xbc ./App/Src/can_params.o
                0x08001060                CanParams__Create
 .text.find_param
                0x0800111c       0x68 ./App/Src/can_params.o
 .text.find_param_mut
                0x08001184       0x18 ./App/Src/can_params.o
 .text.CanParams_GetBool
                0x0800119c       0x5c ./App/Src/can_params.o
                0x0800119c                CanParams_GetBool
 .text.CanParams_GetInt32
                0x080011f8       0x4e ./App/Src/can_params.o
                0x080011f8                CanParams_GetInt32
 .text.CanParams_GetFloat
                0x08001246       0x4e ./App/Src/can_params.o
                0x08001246                CanParams_GetFloat
 .text.CanParams_SetBool
                0x08001294       0x4c ./App/Src/can_params.o
                0x08001294                CanParams_SetBool
 .text.CanParams__UpdateBool
                0x080012e0       0x4c ./App/Src/can_params.o
                0x080012e0                CanParams__UpdateBool
 .text.CanParams__UpdateInt32
                0x0800132c       0x3e ./App/Src/can_params.o
                0x0800132c                CanParams__UpdateInt32
 .text.CanParams__UpdateFloat
                0x0800136a       0x40 ./App/Src/can_params.o
                0x0800136a                CanParams__UpdateFloat
 *fill*         0x080013aa        0x2 
 .text.RR_Scheduler_Init
                0x080013ac       0x3c ./App/rr/rr_scheduler.o
                0x080013ac                RR_Scheduler_Init
 .text.RR_AddController
                0x080013e8       0x70 ./App/rr/rr_scheduler.o
                0x080013e8                RR_AddController
 .text.RR_Scheduler_Tick
                0x08001458       0x44 ./App/rr/rr_scheduler.o
                0x08001458                RR_Scheduler_Tick
 .text.rx_id_allowed
                0x0800149c       0x54 ./App/systems/can_system.o
 .text.can_apply_filters
                0x080014f0       0xec ./App/systems/can_system.o
 .text.find_msg_index_by_id
                0x080015dc       0x50 ./App/systems/can_system.o
 .text.build_full_name
                0x0800162c      0x100 ./App/systems/can_system.o
 .text.tx_pending_clear
                0x0800172c       0x2c ./App/systems/can_system.o
 .text.parse_uint
                0x08001758       0x4a ./App/systems/can_system.o
 .text.parse_float
                0x080017a2       0x4a ./App/systems/can_system.o
 .text.parse_mux_token
                0x080017ec       0x9c ./App/systems/can_system.o
 .text.dbc_parse_reset
                0x08001888      0x16c ./App/systems/can_system.o
 .text.dbc_parse_all
                0x080019f4      0x78c ./App/systems/can_system.o
 .text.extract_bits_le
                0x08002180       0x78 ./App/systems/can_system.o
 .text.sign_extend
                0x080021f8       0x54 ./App/systems/can_system.o
 .text.handle_rx_frame
                0x0800224c      0x23c ./App/systems/can_system.o
 .text.process_rx_fifo0
                0x08002488       0x4c ./App/systems/can_system.o
 .text.HAL_CAN_RxFifo0MsgPendingCallback
                0x080024d4       0x24 ./App/systems/can_system.o
                0x080024d4                HAL_CAN_RxFifo0MsgPendingCallback
 .text.insert_bits_le
                0x080024f8       0xa0 ./App/systems/can_system.o
 .text.encode_raw_from_param
                0x08002598      0x104 ./App/systems/can_system.o
 .text.transmit_one
                0x0800269c      0x168 ./App/systems/can_system.o
 .text.transmit_dirty_messages
                0x08002804       0xe8 ./App/systems/can_system.o
 .text.can_system_controller
                0x080028ec       0x88 ./App/systems/can_system.o
                0x080028ec                can_system_controller
 .text.init_once
                0x08002974       0x18 ./App/systems/pcb_led_system.o
 .text.pcb_led_system_controller
                0x0800298c       0x58 ./App/systems/pcb_led_system.o
                0x0800298c                pcb_led_system_controller
 .text.Error_Handler
                0x080029e4        0xc ./Core/Src/error_handler.o
                0x080029e4                Error_Handler
 .text.main     0x080029f0       0x38 ./Core/Src/main.o
                0x080029f0                main
 .text.Reset_Handler
                0x08002a28       0x50 ./Core/Startup/startup_stm32l476rgtx.o
                0x08002a28                Reset_Handler
 .text.Default_Handler
                0x08002a78        0x2 ./Core/Startup/startup_stm32l476rgtx.o
                0x08002a78                RTC_Alarm_IRQHandler
                0x08002a78                EXTI2_IRQHandler
                0x08002a78                TIM8_TRG_COM_IRQHandler
                0x08002a78                TIM8_CC_IRQHandler
                0x08002a78                TIM1_CC_IRQHandler
                0x08002a78                TSC_IRQHandler
                0x08002a78                TAMP_STAMP_IRQHandler
                0x08002a78                EXTI3_IRQHandler
                0x08002a78                LPTIM2_IRQHandler
                0x08002a78                DFSDM1_FLT1_IRQHandler
                0x08002a78                I2C3_ER_IRQHandler
                0x08002a78                DFSDM1_FLT2_IRQHandler
                0x08002a78                EXTI0_IRQHandler
                0x08002a78                I2C2_EV_IRQHandler
                0x08002a78                FPU_IRQHandler
                0x08002a78                TIM1_UP_TIM16_IRQHandler
                0x08002a78                ADC1_2_IRQHandler
                0x08002a78                SPI1_IRQHandler
                0x08002a78                TIM6_DAC_IRQHandler
                0x08002a78                TIM8_UP_IRQHandler
                0x08002a78                DMA2_Channel2_IRQHandler
                0x08002a78                DMA1_Channel4_IRQHandler
                0x08002a78                SAI2_IRQHandler
                0x08002a78                DFSDM1_FLT3_IRQHandler
                0x08002a78                USART3_IRQHandler
                0x08002a78                DMA1_Channel7_IRQHandler
                0x08002a78                CAN1_RX1_IRQHandler
                0x08002a78                LCD_IRQHandler
                0x08002a78                UART5_IRQHandler
                0x08002a78                ADC3_IRQHandler
                0x08002a78                TIM4_IRQHandler
                0x08002a78                DMA2_Channel1_IRQHandler
                0x08002a78                QUADSPI_IRQHandler
                0x08002a78                I2C1_EV_IRQHandler
                0x08002a78                DMA1_Channel6_IRQHandler
                0x08002a78                UART4_IRQHandler
                0x08002a78                DMA2_Channel4_IRQHandler
                0x08002a78                TIM3_IRQHandler
                0x08002a78                RCC_IRQHandler
                0x08002a78                DMA1_Channel1_IRQHandler
                0x08002a78                Default_Handler
                0x08002a78                DMA2_Channel7_IRQHandler
                0x08002a78                EXTI15_10_IRQHandler
                0x08002a78                TIM7_IRQHandler
                0x08002a78                SDMMC1_IRQHandler
                0x08002a78                TIM5_IRQHandler
                0x08002a78                I2C3_EV_IRQHandler
                0x08002a78                EXTI9_5_IRQHandler
                0x08002a78                RTC_WKUP_IRQHandler
                0x08002a78                PVD_PVM_IRQHandler
                0x08002a78                SPI2_IRQHandler
                0x08002a78                CAN1_TX_IRQHandler
                0x08002a78                DMA2_Channel5_IRQHandler
                0x08002a78                DMA1_Channel5_IRQHandler
                0x08002a78                EXTI4_IRQHandler
                0x08002a78                RNG_IRQHandler
                0x08002a78                TIM1_TRG_COM_TIM17_IRQHandler
                0x08002a78                DMA1_Channel3_IRQHandler
                0x08002a78                COMP_IRQHandler
                0x08002a78                WWDG_IRQHandler
                0x08002a78                LPUART1_IRQHandler
                0x08002a78                DMA2_Channel6_IRQHandler
                0x08002a78                TIM2_IRQHandler
                0x08002a78                EXTI1_IRQHandler
                0x08002a78                USART2_IRQHandler
                0x08002a78                DFSDM1_FLT0_IRQHandler
                0x08002a78                I2C2_ER_IRQHandler
                0x08002a78                DMA1_Channel2_IRQHandler
                0x08002a78                TIM8_BRK_IRQHandler
                0x08002a78                CAN1_SCE_IRQHandler
                0x08002a78                FLASH_IRQHandler
                0x08002a78                USART1_IRQHandler
                0x08002a78                OTG_FS_IRQHandler
                0x08002a78                SPI3_IRQHandler
                0x08002a78                I2C1_ER_IRQHandler
                0x08002a78                FMC_IRQHandler
                0x08002a78                SWPMI1_IRQHandler
                0x08002a78                LPTIM1_IRQHandler
                0x08002a78                SAI1_IRQHandler
                0x08002a78                DMA2_Channel3_IRQHandler
                0x08002a78                TIM1_BRK_TIM15_IRQHandler
 .text.HAL_Init
                0x08002a7a       0x30 ./Drivers/STM32L4xx_HAL_Driver/Src/stm32l4xx_hal.o
                0x08002a7a                HAL_Init
 *fill*         0x08002aaa        0x2 
 .text.HAL_InitTick
                0x08002aac       0x78 ./Drivers/STM32L4xx_HAL_Driver/Src/stm32l4xx_hal.o
                0x08002aac                HAL_InitTick
 .text.HAL_IncTick
                0x08002b24       0x28 ./Drivers/STM32L4xx_HAL_Driver/Src/stm32l4xx_hal.o
                0x08002b24                HAL_IncTick
 .text.HAL_GetTick
                0x08002b4c       0x18 ./Drivers/STM32L4xx_HAL_Driver/Src/stm32l4xx_hal.o
                0x08002b4c                HAL_GetTick
 .text.HAL_CAN_Init
                0x08002b64      0x1f6 ./Drivers/STM32L4xx_HAL_Driver/Src/stm32l4xx_hal_can.o
                0x08002b64                HAL_CAN_Init
 .text.HAL_CAN_ConfigFilter
                0x08002d5a      0x194 ./Drivers/STM32L4xx_HAL_Driver/Src/stm32l4xx_hal_can.o
                0x08002d5a                HAL_CAN_ConfigFilter
 .text.HAL_CAN_Start
                0x08002eee       0x88 ./Drivers/STM32L4xx_HAL_Driver/Src/stm32l4xx_hal_can.o
                0x08002eee                HAL_CAN_Start
 .text.HAL_CAN_AddTxMessage
                0x08002f76      0x1a0 ./Drivers/STM32L4xx_HAL_Driver/Src/stm32l4xx_hal_can.o
                0x08002f76                HAL_CAN_AddTxMessage
 .text.HAL_CAN_GetRxMessage
                0x08003116      0x244 ./Drivers/STM32L4xx_HAL_Driver/Src/stm32l4xx_hal_can.o
                0x08003116                HAL_CAN_GetRxMessage
 .text.HAL_CAN_GetRxFifoFillLevel
                0x0800335a       0x50 ./Drivers/STM32L4xx_HAL_Driver/Src/stm32l4xx_hal_can.o
                0x0800335a                HAL_CAN_GetRxFifoFillLevel
 .text.HAL_CAN_ActivateNotification
                0x080033aa       0x4c ./Drivers/STM32L4xx_HAL_Driver/Src/stm32l4xx_hal_can.o
                0x080033aa                HAL_CAN_ActivateNotification
 .text.HAL_CAN_IRQHandler
                0x080033f6      0x36e ./Drivers/STM32L4xx_HAL_Driver/Src/stm32l4xx_hal_can.o
                0x080033f6                HAL_CAN_IRQHandler
 .text.HAL_CAN_TxMailbox0CompleteCallback
                0x08003764       0x14 ./Drivers/STM32L4xx_HAL_Driver/Src/stm32l4xx_hal_can.o
                0x08003764                HAL_CAN_TxMailbox0CompleteCallback
 .text.HAL_CAN_TxMailbox1CompleteCallback
                0x08003778       0x14 ./Drivers/STM32L4xx_HAL_Driver/Src/stm32l4xx_hal_can.o
                0x08003778                HAL_CAN_TxMailbox1CompleteCallback
 .text.HAL_CAN_TxMailbox2CompleteCallback
                0x0800378c       0x14 ./Drivers/STM32L4xx_HAL_Driver/Src/stm32l4xx_hal_can.o
                0x0800378c                HAL_CAN_TxMailbox2CompleteCallback
 .text.HAL_CAN_TxMailbox0AbortCallback
                0x080037a0       0x14 ./Drivers/STM32L4xx_HAL_Driver/Src/stm32l4xx_hal_can.o
                0x080037a0                HAL_CAN_TxMailbox0AbortCallback
 .text.HAL_CAN_TxMailbox1AbortCallback
                0x080037b4       0x14 ./Drivers/STM32L4xx_HAL_Driver/Src/stm32l4xx_hal_can.o
                0x080037b4                HAL_CAN_TxMailbox1AbortCallback
 .text.HAL_CAN_TxMailbox2AbortCallback
                0x080037c8       0x14 ./Drivers/STM32L4xx_HAL_Driver/Src/stm32l4xx_hal_can.o
                0x080037c8                HAL_CAN_TxMailbox2AbortCallback
 .text.HAL_CAN_RxFifo0FullCallback
                0x080037dc       0x14 ./Drivers/STM32L4xx_HAL_Driver/Src/stm32l4xx_hal_can.o
                0x080037dc                HAL_CAN_RxFifo0FullCallback
 .text.HAL_CAN_RxFifo1MsgPendingCallback
                0x080037f0       0x14 ./Drivers/STM32L4xx_HAL_Driver/Src/stm32l4xx_hal_can.o
                0x080037f0                HAL_CAN_RxFifo1MsgPendingCallback
 .text.HAL_CAN_RxFifo1FullCallback
                0x08003804       0x14 ./Drivers/STM32L4xx_HAL_Driver/Src/stm32l4xx_hal_can.o
                0x08003804                HAL_CAN_RxFifo1FullCallback
 .text.HAL_CAN_SleepCallback
                0x08003818       0x14 ./Drivers/STM32L4xx_HAL_Driver/Src/stm32l4xx_hal_can.o
                0x08003818                HAL_CAN_SleepCallback
 .text.HAL_CAN_WakeUpFromRxMsgCallback
                0x0800382c       0x14 ./Drivers/STM32L4xx_HAL_Driver/Src/stm32l4xx_hal_can.o
                0x0800382c                HAL_CAN_WakeUpFromRxMsgCallback
 .text.HAL_CAN_ErrorCallback
                0x08003840       0x14 ./Drivers/STM32L4xx_HAL_Driver/Src/stm32l4xx_hal_can.o
                0x08003840                HAL_CAN_ErrorCallback
 .text.__NVIC_SetPriorityGrouping
                0x08003854       0x48 ./Drivers/STM32L4xx_HAL_Driver/Src/stm32l4xx_hal_cortex.o
 .text.__NVIC_GetPriorityGrouping
                0x0800389c       0x1c ./Drivers/STM32L4xx_HAL_Driver/Src/stm32l4xx_hal_cortex.o
 .text.__NVIC_EnableIRQ
                0x080038b8       0x3c ./Drivers/STM32L4xx_HAL_Driver/Src/stm32l4xx_hal_cortex.o
 .text.__NVIC_SetPriority
                0x080038f4       0x54 ./Drivers/STM32L4xx_HAL_Driver/Src/stm32l4xx_hal_cortex.o
 .text.NVIC_EncodePriority
                0x08003948       0x66 ./Drivers/STM32L4xx_HAL_Driver/Src/stm32l4xx_hal_cortex.o
 *fill*         0x080039ae        0x2 
 .text.SysTick_Config
                0x080039b0       0x44 ./Drivers/STM32L4xx_HAL_Driver/Src/stm32l4xx_hal_cortex.o
 .text.HAL_NVIC_SetPriorityGrouping
                0x080039f4       0x16 ./Drivers/STM32L4xx_HAL_Driver/Src/stm32l4xx_hal_cortex.o
                0x080039f4                HAL_NVIC_SetPriorityGrouping
 .text.HAL_NVIC_SetPriority
                0x08003a0a       0x38 ./Drivers/STM32L4xx_HAL_Driver/Src/stm32l4xx_hal_cortex.o
                0x08003a0a                HAL_NVIC_SetPriority
 .text.HAL_NVIC_EnableIRQ
                0x08003a42       0x1c ./Drivers/STM32L4xx_HAL_Driver/Src/stm32l4xx_hal_cortex.o
                0x08003a42                HAL_NVIC_EnableIRQ
 .text.HAL_SYSTICK_Config
                0x08003a5e       0x18 ./Drivers/STM32L4xx_HAL_Driver/Src/stm32l4xx_hal_cortex.o
                0x08003a5e                HAL_SYSTICK_Config
 *fill*         0x08003a76        0x2 
 .text.HAL_GPIO_Init
                0x08003a78      0x354 ./Drivers/STM32L4xx_HAL_Driver/Src/stm32l4xx_hal_gpio.o
                0x08003a78                HAL_GPIO_Init
 .text.HAL_GPIO_WritePin
                0x08003dcc       0x30 ./Drivers/STM32L4xx_HAL_Driver/Src/stm32l4xx_hal_gpio.o
                0x08003dcc                HAL_GPIO_WritePin
 .text.HAL_PWREx_GetVoltageRange
                0x08003dfc       0x1c ./Drivers/STM32L4xx_HAL_Driver/Src/stm32l4xx_hal_pwr_ex.o
                0x08003dfc                HAL_PWREx_GetVoltageRange
 .text.HAL_RCC_OscConfig
                0x08003e18      0x7b8 ./Drivers/STM32L4xx_HAL_Driver/Src/stm32l4xx_hal_rcc.o
                0x08003e18                HAL_RCC_OscConfig
 .text.HAL_RCC_ClockConfig
                0x080045d0      0x200 ./Drivers/STM32L4xx_HAL_Driver/Src/stm32l4xx_hal_rcc.o
                0x080045d0                HAL_RCC_ClockConfig
 .text.HAL_RCC_GetSysClockFreq
                0x080047d0      0x118 ./Drivers/STM32L4xx_HAL_Driver/Src/stm32l4xx_hal_rcc.o
                0x080047d0                HAL_RCC_GetSysClockFreq
 .text.HAL_RCC_GetHCLKFreq
                0x080048e8       0x18 ./Drivers/STM32L4xx_HAL_Driver/Src/stm32l4xx_hal_rcc.o
                0x080048e8                HAL_RCC_GetHCLKFreq
 .text.HAL_RCC_GetPCLK1Freq
                0x08004900       0x2c ./Drivers/STM32L4xx_HAL_Driver/Src/stm32l4xx_hal_rcc.o
                0x08004900                HAL_RCC_GetPCLK1Freq
 .text.HAL_RCC_GetPCLK2Freq
                0x0800492c       0x2c ./Drivers/STM32L4xx_HAL_Driver/Src/stm32l4xx_hal_rcc.o
                0x0800492c                HAL_RCC_GetPCLK2Freq
 .text.RCC_SetFlashLatencyFromMSIRange
                0x08004958       0xc0 ./Drivers/STM32L4xx_HAL_Driver/Src/stm32l4xx_hal_rcc.o
 .text.HAL_RCCEx_PeriphCLKConfig
                0x08004a18      0x5d4 ./Drivers/STM32L4xx_HAL_Driver/Src/stm32l4xx_hal_rcc_ex.o
                0x08004a18                HAL_RCCEx_PeriphCLKConfig
 .text.RCCEx_PLLSAI1_Config
                0x08004fec      0x1e8 ./Drivers/STM32L4xx_HAL_Driver/Src/stm32l4xx_hal_rcc_ex.o
 .text.RCCEx_PLLSAI2_Config
                0x080051d4      0x1bc ./Drivers/STM32L4xx_HAL_Driver/Src/stm32l4xx_hal_rcc_ex.o
 .text.HAL_UART_Init
                0x08005390       0x9c ./Drivers/STM32L4xx_HAL_Driver/Src/stm32l4xx_hal_uart.o
                0x08005390                HAL_UART_Init
 .text.UART_SetConfig
                0x0800542c      0x570 ./Drivers/STM32L4xx_HAL_Driver/Src/stm32l4xx_hal_uart.o
                0x0800542c                UART_SetConfig
 .text.UART_AdvFeatureConfig
                0x0800599c      0x144 ./Drivers/STM32L4xx_HAL_Driver/Src/stm32l4xx_hal_uart.o
                0x0800599c                UART_AdvFeatureConfig
 .text.UART_CheckIdleState
                0x08005ae0      0x150 ./Drivers/STM32L4xx_HAL_Driver/Src/stm32l4xx_hal_uart.o
                0x08005ae0                UART_CheckIdleState
 .text.UART_WaitOnFlagUntilTimeout
                0x08005c30       0xda ./Drivers/STM32L4xx_HAL_Driver/Src/stm32l4xx_hal_uart.o
                0x08005c30                UART_WaitOnFlagUntilTimeout
 .text.UART_EndRxTransfer
                0x08005d0a       0xc8 ./Drivers/STM32L4xx_HAL_Driver/Src/stm32l4xx_hal_uart.o
 *fill*         0x08005dd2        0x2 
 .text.MX_CAN1_Init
                0x08005dd4       0x90 ./Platform/Src/can.o
                0x08005dd4                MX_CAN1_Init
 .text.MX_GPIO_Init
                0x08005e64       0x60 ./Platform/Src/gpio.o
                0x08005e64                MX_GPIO_Init
 .text.HAL_MspInit
                0x08005ec4       0x48 ./Platform/Src/stm32l4xx_hal_msp.o
                0x08005ec4                HAL_MspInit
 .text.HAL_CAN_MspInit
                0x08005f0c       0x98 ./Platform/Src/stm32l4xx_hal_msp.o
                0x08005f0c                HAL_CAN_MspInit
 .text.HAL_UART_MspInit
                0x08005fa4       0xb8 ./Platform/Src/stm32l4xx_hal_msp.o
                0x08005fa4                HAL_UART_MspInit
 .text.NMI_Handler
                0x0800605c        0x8 ./Platform/Src/stm32l4xx_it.o
                0x0800605c                NMI_Handler
 .text.HardFault_Handler
                0x08006064        0x8 ./Platform/Src/stm32l4xx_it.o
                0x08006064                HardFault_Handler
 .text.MemManage_Handler
                0x0800606c        0x8 ./Platform/Src/stm32l4xx_it.o
                0x0800606c                MemManage_Handler
 .text.BusFault_Handler
                0x08006074        0x8 ./Platform/Src/stm32l4xx_it.o
                0x08006074                BusFault_Handler
 .text.UsageFault_Handler
                0x0800607c        0x8 ./Platform/Src/stm32l4xx_it.o
                0x0800607c                UsageFault_Handler
 .text.SVC_Handler
                0x08006084        0xe ./Platform/Src/stm32l4xx_it.o
                0x08006084                SVC_Handler
 .text.DebugMon_Handler
                0x08006092        0xe ./Platform/Src/stm32l4xx_it.o
                0x08006092                DebugMon_Handler
 .text.PendSV_Handler
                0x080060a0        0xe ./Platform/Src/stm32l4xx_it.o
                0x080060a0                PendSV_Handler
 .text.SysTick_Handler
                0x080060ae        0xc ./Platform/Src/stm32l4xx_it.o
                0x080060ae                SysTick_Handler
 *fill*         0x080060ba        0x2 
 .text.CAN1_RX0_IRQHandler
                0x080060bc       0x14 ./Platform/Src/stm32l4xx_it.o
                0x080060bc                CAN1_RX0_IRQHandler
 .text._getpid  0x080060d0       0x10 ./Platform/Src/syscalls.o
                0x080060d0                _getpid
 .text._kill    0x080060e0       0x20 ./Platform/Src/syscalls.o
                0x080060e0                _kill
 .text._exit    0x08006100       0x16 ./Platform/Src/syscalls.o
                0x08006100                _exit
 .text._read    0x08006116       0x3a ./Platform/Src/syscalls.o
                0x08006116                _read
 .text._write   0x08006150       0x38 ./Platform/Src/syscalls.o
                0x08006150                _write
 .text._close   0x08006188       0x18 ./Platform/Src/syscalls.o
                0x08006188                _close
 .text._fstat   0x080061a0       0x20 ./Platform/Src/syscalls.o
                0x080061a0                _fstat
 .text._isatty  0x080061c0       0x16 ./Platform/Src/syscalls.o
                0x080061c0                _isatty
 .text._lseek   0x080061d6       0x1a ./Platform/Src/syscalls.o
                0x080061d6                _lseek
 .text._sbrk    0x080061f0       0x6c ./Platform/Src/sysmem.o
                0x080061f0                _sbrk
 .text.Platform_SystemClock_Config
                0x0800625c       0xb4 ./Platform/Src/system_clock.o
                0x0800625c                Platform_SystemClock_Config
 .text.SystemInit
                0x08006310       0x24 ./Platform/Src/system_stm32l4xx.o
                0x08006310                SystemInit
 .text.MX_UART4_Init
                0x08006334       0x80 ./Platform/Src/usart.o
                0x08006334                MX_UART4_Init
 .text.sulp     0x080063b4       0x3c C:/ST/STM32CubeIDE_2.0.0/STM32CubeIDE/plugins/com.st.stm32cube.ide.mcu.externaltools.gnu-tools-for-stm32.13.3.rel1.win32_1.0.100.202509120712/tools/bin/../lib/gcc/arm-none-eabi/13.3.1/../../../../arm-none-eabi/lib/thumb/v7e-m+fp/hard\libc_nano.a(libc_a-strtod.o)
 .text._strtod_l
                0x080063f0      0xbc8 C:/ST/STM32CubeIDE_2.0.0/STM32CubeIDE/plugins/com.st.stm32cube.ide.mcu.externaltools.gnu-tools-for-stm32.13.3.rel1.win32_1.0.100.202509120712/tools/bin/../lib/gcc/arm-none-eabi/13.3.1/../../../../arm-none-eabi/lib/thumb/v7e-m+fp/hard\libc_nano.a(libc_a-strtod.o)
                0x080063f0                _strtod_l
 .text.strtof   0x08006fb8       0xc8 C:/ST/STM32CubeIDE_2.0.0/STM32CubeIDE/plugins/com.st.stm32cube.ide.mcu.externaltools.gnu-tools-for-stm32.13.3.rel1.win32_1.0.100.202509120712/tools/bin/../lib/gcc/arm-none-eabi/13.3.1/../../../../arm-none-eabi/lib/thumb/v7e-m+fp/hard\libc_nano.a(libc_a-strtod.o)
                0x08006fb8                strtof
 .text._strtol_l.isra.0
                0x08007080       0xf4 C:/ST/STM32CubeIDE_2.0.0/STM32CubeIDE/plugins/com.st.stm32cube.ide.mcu.externaltools.gnu-tools-for-stm32.13.3.rel1.win32_1.0.100.202509120712/tools/bin/../lib/gcc/arm-none-eabi/13.3.1/../../../../arm-none-eabi/lib/thumb/v7e-m+fp/hard\libc_nano.a(libc_a-strtol.o)
 .text.strtol   0x08007174       0x14 C:/ST/STM32CubeIDE_2.0.0/STM32CubeIDE/plugins/com.st.stm32cube.ide.mcu.externaltools.gnu-tools-for-stm32.13.3.rel1.win32_1.0.100.202509120712/tools/bin/../lib/gcc/arm-none-eabi/13.3.1/../../../../arm-none-eabi/lib/thumb/v7e-m+fp/hard\libc_nano.a(libc_a-strtol.o)
                0x08007174                strtol
 .text._strtoul_l.isra.0
                0x08007188       0xdc C:/ST/STM32CubeIDE_2.0.0/STM32CubeIDE/plugins/com.st.stm32cube.ide.mcu.externaltools.gnu-tools-for-stm32.13.3.rel1.win32_1.0.100.202509120712/tools/bin/../lib/gcc/arm-none-eabi/13.3.1/../../../../arm-none-eabi/lib/thumb/v7e-m+fp/hard\libc_nano.a(libc_a-strtoul.o)
 .text.strtoul  0x08007264       0x14 C:/ST/STM32CubeIDE_2.0.0/STM32CubeIDE/plugins/com.st.stm32cube.ide.mcu.externaltools.gnu-tools-for-stm32.13.3.rel1.win32_1.0.100.202509120712/tools/bin/../lib/gcc/arm-none-eabi/13.3.1/../../../../arm-none-eabi/lib/thumb/v7e-m+fp/hard\libc_nano.a(libc_a-strtoul.o)
                0x08007264                strtoul
 .text.std      0x08007278       0x6c C:/ST/STM32CubeIDE_2.0.0/STM32CubeIDE/plugins/com.st.stm32cube.ide.mcu.externaltools.gnu-tools-for-stm32.13.3.rel1.win32_1.0.100.202509120712/tools/bin/../lib/gcc/arm-none-eabi/13.3.1/../../../../arm-none-eabi/lib/thumb/v7e-m+fp/hard\libc_nano.a(libc_a-findfp.o)
 .text.stdio_exit_handler
                0x080072e4       0x18 C:/ST/STM32CubeIDE_2.0.0/STM32CubeIDE/plugins/com.st.stm32cube.ide.mcu.externaltools.gnu-tools-for-stm32.13.3.rel1.win32_1.0.100.202509120712/tools/bin/../lib/gcc/arm-none-eabi/13.3.1/../../../../arm-none-eabi/lib/thumb/v7e-m+fp/hard\libc_nano.a(libc_a-findfp.o)
 .text.cleanup_stdio
                0x080072fc       0x40 C:/ST/STM32CubeIDE_2.0.0/STM32CubeIDE/plugins/com.st.stm32cube.ide.mcu.externaltools.gnu-tools-for-stm32.13.3.rel1.win32_1.0.100.202509120712/tools/bin/../lib/gcc/arm-none-eabi/13.3.1/../../../../arm-none-eabi/lib/thumb/v7e-m+fp/hard\libc_nano.a(libc_a-findfp.o)
 .text.global_stdio_init.part.0
                0x0800733c       0x3c C:/ST/STM32CubeIDE_2.0.0/STM32CubeIDE/plugins/com.st.stm32cube.ide.mcu.externaltools.gnu-tools-for-stm32.13.3.rel1.win32_1.0.100.202509120712/tools/bin/../lib/gcc/arm-none-eabi/13.3.1/../../../../arm-none-eabi/lib/thumb/v7e-m+fp/hard\libc_nano.a(libc_a-findfp.o)
 .text.__sfp_lock_acquire
                0x08007378        0xc C:/ST/STM32CubeIDE_2.0.0/STM32CubeIDE/plugins/com.st.stm32cube.ide.mcu.externaltools.gnu-tools-for-stm32.13.3.rel1.win32_1.0.100.202509120712/tools/bin/../lib/gcc/arm-none-eabi/13.3.1/../../../../arm-none-eabi/lib/thumb/v7e-m+fp/hard\libc_nano.a(libc_a-findfp.o)
                0x08007378                __sfp_lock_acquire
 .text.__sfp_lock_release
                0x08007384        0xc C:/ST/STM32CubeIDE_2.0.0/STM32CubeIDE/plugins/com.st.stm32cube.ide.mcu.externaltools.gnu-tools-for-stm32.13.3.rel1.win32_1.0.100.202509120712/tools/bin/../lib/gcc/arm-none-eabi/13.3.1/../../../../arm-none-eabi/lib/thumb/v7e-m+fp/hard\libc_nano.a(libc_a-findfp.o)
                0x08007384                __sfp_lock_release
 .text.__sinit  0x08007390       0x30 C:/ST/STM32CubeIDE_2.0.0/STM32CubeIDE/plugins/com.st.stm32cube.ide.mcu.externaltools.gnu-tools-for-stm32.13.3.rel1.win32_1.0.100.202509120712/tools/bin/../lib/gcc/arm-none-eabi/13.3.1/../../../../arm-none-eabi/lib/thumb/v7e-m+fp/hard\libc_nano.a(libc_a-findfp.o)
                0x08007390                __sinit
 .text._fwalk_sglue
                0x080073c0       0x3c C:/ST/STM32CubeIDE_2.0.0/STM32CubeIDE/plugins/com.st.stm32cube.ide.mcu.externaltools.gnu-tools-for-stm32.13.3.rel1.win32_1.0.100.202509120712/tools/bin/../lib/gcc/arm-none-eabi/13.3.1/../../../../arm-none-eabi/lib/thumb/v7e-m+fp/hard\libc_nano.a(libc_a-fwalk.o)
                0x080073c0                _fwalk_sglue
 .text.__sread  0x080073fc       0x22 C:/ST/STM32CubeIDE_2.0.0/STM32CubeIDE/plugins/com.st.stm32cube.ide.mcu.externaltools.gnu-tools-for-stm32.13.3.rel1.win32_1.0.100.202509120712/tools/bin/../lib/gcc/arm-none-eabi/13.3.1/../../../../arm-none-eabi/lib/thumb/v7e-m+fp/hard\libc_nano.a(libc_a-stdio.o)
                0x080073fc                __sread
 .text.__swrite
                0x0800741e       0x38 C:/ST/STM32CubeIDE_2.0.0/STM32CubeIDE/plugins/com.st.stm32cube.ide.mcu.externaltools.gnu-tools-for-stm32.13.3.rel1.win32_1.0.100.202509120712/tools/bin/../lib/gcc/arm-none-eabi/13.3.1/../../../../arm-none-eabi/lib/thumb/v7e-m+fp/hard\libc_nano.a(libc_a-stdio.o)
                0x0800741e                __swrite
 .text.__sseek  0x08007456       0x24 C:/ST/STM32CubeIDE_2.0.0/STM32CubeIDE/plugins/com.st.stm32cube.ide.mcu.externaltools.gnu-tools-for-stm32.13.3.rel1.win32_1.0.100.202509120712/tools/bin/../lib/gcc/arm-none-eabi/13.3.1/../../../../arm-none-eabi/lib/thumb/v7e-m+fp/hard\libc_nano.a(libc_a-stdio.o)
                0x08007456                __sseek
 .text.__sclose
                0x0800747a        0x8 C:/ST/STM32CubeIDE_2.0.0/STM32CubeIDE/plugins/com.st.stm32cube.ide.mcu.externaltools.gnu-tools-for-stm32.13.3.rel1.win32_1.0.100.202509120712/tools/bin/../lib/gcc/arm-none-eabi/13.3.1/../../../../arm-none-eabi/lib/thumb/v7e-m+fp/hard\libc_nano.a(libc_a-stdio.o)
                0x0800747a                __sclose
 .text.memset   0x08007482       0x10 C:/ST/STM32CubeIDE_2.0.0/STM32CubeIDE/plugins/com.st.stm32cube.ide.mcu.externaltools.gnu-tools-for-stm32.13.3.rel1.win32_1.0.100.202509120712/tools/bin/../lib/gcc/arm-none-eabi/13.3.1/../../../../arm-none-eabi/lib/thumb/v7e-m+fp/hard\libc_nano.a(libc_a-memset.o)
                0x08007482                memset
 .text.strchr   0x08007492       0x1a C:/ST/STM32CubeIDE_2.0.0/STM32CubeIDE/plugins/com.st.stm32cube.ide.mcu.externaltools.gnu-tools-for-stm32.13.3.rel1.win32_1.0.100.202509120712/tools/bin/../lib/gcc/arm-none-eabi/13.3.1/../../../../arm-none-eabi/lib/thumb/v7e-m+fp/hard\libc_nano.a(libc_a-strchr.o)
                0x08007492                strchr
 .text.strncmp  0x080074ac       0x24 C:/ST/STM32CubeIDE_2.0.0/STM32CubeIDE/plugins/com.st.stm32cube.ide.mcu.externaltools.gnu-tools-for-stm32.13.3.rel1.win32_1.0.100.202509120712/tools/bin/../lib/gcc/arm-none-eabi/13.3.1/../../../../arm-none-eabi/lib/thumb/v7e-m+fp/hard\libc_nano.a(libc_a-strncmp.o)
                0x080074ac                strncmp
 .text.strncpy  0x080074d0       0x26 C:/ST/STM32CubeIDE_2.0.0/STM32CubeIDE/plugins/com.st.stm32cube.ide.mcu.externaltools.gnu-tools-for-stm32.13.3.rel1.win32_1.0.100.202509120712/tools/bin/../lib/gcc/arm-none-eabi/13.3.1/../../../../arm-none-eabi/lib/thumb/v7e-m+fp/hard\libc_nano.a(libc_a-strncpy.o)
                0x080074d0                strncpy
 *fill*         0x080074f6        0x2 
 .text.strtok   0x080074f8       0x68 C:/ST/STM32CubeIDE_2.0.0/STM32CubeIDE/plugins/com.st.stm32cube.ide.mcu.externaltools.gnu-tools-for-stm32.13.3.rel1.win32_1.0.100.202509120712/tools/bin/../lib/gcc/arm-none-eabi/13.3.1/../../../../arm-none-eabi/lib/thumb/v7e-m+fp/hard\libc_nano.a(libc_a-strtok.o)
                0x080074f8                strtok
 .text.__strtok_r
                0x08007560       0x50 C:/ST/STM32CubeIDE_2.0.0/STM32CubeIDE/plugins/com.st.stm32cube.ide.mcu.externaltools.gnu-tools-for-stm32.13.3.rel1.win32_1.0.100.202509120712/tools/bin/../lib/gcc/arm-none-eabi/13.3.1/../../../../arm-none-eabi/lib/thumb/v7e-m+fp/hard\libc_nano.a(libc_a-strtok_r.o)
                0x08007560                __strtok_r
 .text._close_r
                0x080075b0       0x20 C:/ST/STM32CubeIDE_2.0.0/STM32CubeIDE/plugins/com.st.stm32cube.ide.mcu.externaltools.gnu-tools-for-stm32.13.3.rel1.win32_1.0.100.202509120712/tools/bin/../lib/gcc/arm-none-eabi/13.3.1/../../../../arm-none-eabi/lib/thumb/v7e-m+fp/hard\libc_nano.a(libc_a-closer.o)
                0x080075b0                _close_r
 .text._lseek_r
                0x080075d0       0x24 C:/ST/STM32CubeIDE_2.0.0/STM32CubeIDE/plugins/com.st.stm32cube.ide.mcu.externaltools.gnu-tools-for-stm32.13.3.rel1.win32_1.0.100.202509120712/tools/bin/../lib/gcc/arm-none-eabi/13.3.1/../../../../arm-none-eabi/lib/thumb/v7e-m+fp/hard\libc_nano.a(libc_a-lseekr.o)
                0x080075d0                _lseek_r
 .text._read_r  0x080075f4       0x24 C:/ST/STM32CubeIDE_2.0.0/STM32CubeIDE/plugins/com.st.stm32cube.ide.mcu.externaltools.gnu-tools-for-stm32.13.3.rel1.win32_1.0.100.202509120712/tools/bin/../lib/gcc/arm-none-eabi/13.3.1/../../../../arm-none-eabi/lib/thumb/v7e-m+fp/hard\libc_nano.a(libc_a-readr.o)
                0x080075f4                _read_r
 .text._write_r
                0x08007618       0x24 C:/ST/STM32CubeIDE_2.0.0/STM32CubeIDE/plugins/com.st.stm32cube.ide.mcu.externaltools.gnu-tools-for-stm32.13.3.rel1.win32_1.0.100.202509120712/tools/bin/../lib/gcc/arm-none-eabi/13.3.1/../../../../arm-none-eabi/lib/thumb/v7e-m+fp/hard\libc_nano.a(libc_a-writer.o)
                0x08007618                _write_r
 .text.__errno  0x0800763c        0xc C:/ST/STM32CubeIDE_2.0.0/STM32CubeIDE/plugins/com.st.stm32cube.ide.mcu.externaltools.gnu-tools-for-stm32.13.3.rel1.win32_1.0.100.202509120712/tools/bin/../lib/gcc/arm-none-eabi/13.3.1/../../../../arm-none-eabi/lib/thumb/v7e-m+fp/hard\libc_nano.a(libc_a-errno.o)
                0x0800763c                __errno
 .text.__libc_init_array
                0x08007648       0x48 C:/ST/STM32CubeIDE_2.0.0/STM32CubeIDE/plugins/com.st.stm32cube.ide.mcu.externaltools.gnu-tools-for-stm32.13.3.rel1.win32_1.0.100.202509120712/tools/bin/../lib/gcc/arm-none-eabi/13.3.1/../../../../arm-none-eabi/lib/thumb/v7e-m+fp/hard\libc_nano.a(libc_a-init.o)
                0x08007648                __libc_init_array
 .text.__retarget_lock_init_recursive
                0x08007690        0x2 C:/ST/STM32CubeIDE_2.0.0/STM32CubeIDE/plugins/com.st.stm32cube.ide.mcu.externaltools.gnu-tools-for-stm32.13.3.rel1.win32_1.0.100.202509120712/tools/bin/../lib/gcc/arm-none-eabi/13.3.1/../../../../arm-none-eabi/lib/thumb/v7e-m+fp/hard\libc_nano.a(libc_a-lock.o)
                0x08007690                __retarget_lock_init_recursive
 .text.__retarget_lock_acquire_recursive
                0x08007692        0x2 C:/ST/STM32CubeIDE_2.0.0/STM32CubeIDE/plugins/com.st.stm32cube.ide.mcu.externaltools.gnu-tools-for-stm32.13.3.rel1.win32_1.0.100.202509120712/tools/bin/../lib/gcc/arm-none-eabi/13.3.1/../../../../arm-none-eabi/lib/thumb/v7e-m+fp/hard\libc_nano.a(libc_a-lock.o)
                0x08007692                __retarget_lock_acquire_recursive
 .text.__retarget_lock_release_recursive
                0x08007694        0x2 C:/ST/STM32CubeIDE_2.0.0/STM32CubeIDE/plugins/com.st.stm32cube.ide.mcu.externaltools.gnu-tools-for-stm32.13.3.rel1.win32_1.0.100.202509120712/tools/bin/../lib/gcc/arm-none-eabi/13.3.1/../../../../arm-none-eabi/lib/thumb/v7e-m+fp/hard\libc_nano.a(libc_a-lock.o)
                0x08007694                __retarget_lock_release_recursive
 .text.memcpy   0x08007696       0x1c C:/ST/STM32CubeIDE_2.0.0/STM32CubeIDE/plugins/com.st.stm32cube.ide.mcu.externaltools.gnu-tools-for-stm32.13.3.rel1.win32_1.0.100.202509120712/tools/bin/../lib/gcc/arm-none-eabi/13.3.1/../../../../arm-none-eabi/lib/thumb/v7e-m+fp/hard\libc_nano.a(libc_a-memcpy-stub.o)
                0x08007696                memcpy
 *fill*         0x080076b2        0x6 
 .text.nan      0x080076b8       0x10 C:/ST/STM32CubeIDE_2.0.0/STM32CubeIDE/plugins/com.st.stm32cube.ide.mcu.externaltools.gnu-tools-for-stm32.13.3.rel1.win32_1.0.100.202509120712/tools/bin/../lib/gcc/arm-none-eabi/13.3.1/../../../../arm-none-eabi/lib/thumb/v7e-m+fp/hard\libc_nano.a(libm_a-s_nan.o)
                0x080076b8                nan
 .text.nanf     0x080076c8        0xc C:/ST/STM32CubeIDE_2.0.0/STM32CubeIDE/plugins/com.st.stm32cube.ide.mcu.externaltools.gnu-tools-for-stm32.13.3.rel1.win32_1.0.100.202509120712/tools/bin/../lib/gcc/arm-none-eabi/13.3.1/../../../../arm-none-eabi/lib/thumb/v7e-m+fp/hard\libc_nano.a(libm_a-sf_nan.o)
                0x080076c8                nanf
 .text.__assert_func
                0x080076d4       0x3c C:/ST/STM32CubeIDE_2.0.0/STM32CubeIDE/plugins/com.st.stm32cube.ide.mcu.externaltools.gnu-tools-for-stm32.13.3.rel1.win32_1.0.100.202509120712/tools/bin/../lib/gcc/arm-none-eabi/13.3.1/../../../../arm-none-eabi/lib/thumb/v7e-m+fp/hard\libc_nano.a(libc_a-assert.o)
                0x080076d4                __assert_func
 .text._free_r  0x08007710       0x94 C:/ST/STM32CubeIDE_2.0.0/STM32CubeIDE/plugins/com.st.stm32cube.ide.mcu.externaltools.gnu-tools-for-stm32.13.3.rel1.win32_1.0.100.202509120712/tools/bin/../lib/gcc/arm-none-eabi/13.3.1/../../../../arm-none-eabi/lib/thumb/v7e-m+fp/hard\libc_nano.a(libc_a-freer.o)
                0x08007710                _free_r
 .text.rshift   0x080077a4       0xa4 C:/ST/STM32CubeIDE_2.0.0/STM32CubeIDE/plugins/com.st.stm32cube.ide.mcu.externaltools.gnu-tools-for-stm32.13.3.rel1.win32_1.0.100.202509120712/tools/bin/../lib/gcc/arm-none-eabi/13.3.1/../../../../arm-none-eabi/lib/thumb/v7e-m+fp/hard\libc_nano.a(libc_a-gdtoa-gethex.o)
 .text.__hexdig_fun
                0x08007848       0x2a C:/ST/STM32CubeIDE_2.0.0/STM32CubeIDE/plugins/com.st.stm32cube.ide.mcu.externaltools.gnu-tools-for-stm32.13.3.rel1.win32_1.0.100.202509120712/tools/bin/../lib/gcc/arm-none-eabi/13.3.1/../../../../arm-none-eabi/lib/thumb/v7e-m+fp/hard\libc_nano.a(libc_a-gdtoa-gethex.o)
                0x08007848                __hexdig_fun
 *fill*         0x08007872        0x2 
 .text.__gethex
                0x08007874      0x420 C:/ST/STM32CubeIDE_2.0.0/STM32CubeIDE/plugins/com.st.stm32cube.ide.mcu.externaltools.gnu-tools-for-stm32.13.3.rel1.win32_1.0.100.202509120712/tools/bin/../lib/gcc/arm-none-eabi/13.3.1/../../../../arm-none-eabi/lib/thumb/v7e-m+fp/hard\libc_nano.a(libc_a-gdtoa-gethex.o)
                0x08007874                __gethex
 .text.L_shift  0x08007c94       0x24 C:/ST/STM32CubeIDE_2.0.0/STM32CubeIDE/plugins/com.st.stm32cube.ide.mcu.externaltools.gnu-tools-for-stm32.13.3.rel1.win32_1.0.100.202509120712/tools/bin/../lib/gcc/arm-none-eabi/13.3.1/../../../../arm-none-eabi/lib/thumb/v7e-m+fp/hard\libc_nano.a(libc_a-gdtoa-hexnan.o)
 .text.__match  0x08007cb8       0x28 C:/ST/STM32CubeIDE_2.0.0/STM32CubeIDE/plugins/com.st.stm32cube.ide.mcu.externaltools.gnu-tools-for-stm32.13.3.rel1.win32_1.0.100.202509120712/tools/bin/../lib/gcc/arm-none-eabi/13.3.1/../../../../arm-none-eabi/lib/thumb/v7e-m+fp/hard\libc_nano.a(libc_a-gdtoa-hexnan.o)
                0x08007cb8                __match
 .text.__hexnan
                0x08007ce0      0x136 C:/ST/STM32CubeIDE_2.0.0/STM32CubeIDE/plugins/com.st.stm32cube.ide.mcu.externaltools.gnu-tools-for-stm32.13.3.rel1.win32_1.0.100.202509120712/tools/bin/../lib/gcc/arm-none-eabi/13.3.1/../../../../arm-none-eabi/lib/thumb/v7e-m+fp/hard\libc_nano.a(libc_a-gdtoa-hexnan.o)
                0x08007ce0                __hexnan
 *fill*         0x08007e16        0x2 
 .text.malloc   0x08007e18       0x10 C:/ST/STM32CubeIDE_2.0.0/STM32CubeIDE/plugins/com.st.stm32cube.ide.mcu.externaltools.gnu-tools-for-stm32.13.3.rel1.win32_1.0.100.202509120712/tools/bin/../lib/gcc/arm-none-eabi/13.3.1/../../../../arm-none-eabi/lib/thumb/v7e-m+fp/hard\libc_nano.a(libc_a-malloc.o)
                0x08007e18                malloc
 .text.sbrk_aligned
                0x08007e28       0x44 C:/ST/STM32CubeIDE_2.0.0/STM32CubeIDE/plugins/com.st.stm32cube.ide.mcu.externaltools.gnu-tools-for-stm32.13.3.rel1.win32_1.0.100.202509120712/tools/bin/../lib/gcc/arm-none-eabi/13.3.1/../../../../arm-none-eabi/lib/thumb/v7e-m+fp/hard\libc_nano.a(libc_a-mallocr.o)
 .text._malloc_r
                0x08007e6c      0x100 C:/ST/STM32CubeIDE_2.0.0/STM32CubeIDE/plugins/com.st.stm32cube.ide.mcu.externaltools.gnu-tools-for-stm32.13.3.rel1.win32_1.0.100.202509120712/tools/bin/../lib/gcc/arm-none-eabi/13.3.1/../../../../arm-none-eabi/lib/thumb/v7e-m+fp/hard\libc_nano.a(libc_a-mallocr.o)
                0x08007e6c                _malloc_r
 .text.__ascii_mbtowc
                0x08007f6c       0x24 C:/ST/STM32CubeIDE_2.0.0/STM32CubeIDE/plugins/com.st.stm32cube.ide.mcu.externaltools.gnu-tools-for-stm32.13.3.rel1.win32_1.0.100.202509120712/tools/bin/../lib/gcc/arm-none-eabi/13.3.1/../../../../arm-none-eabi/lib/thumb/v7e-m+fp/hard\libc_nano.a(libc_a-mbtowc_r.o)
                0x08007f6c                __ascii_mbtowc
 .text.__malloc_lock
                0x08007f90        0xc C:/ST/STM32CubeIDE_2.0.0/STM32CubeIDE/plugins/com.st.stm32cube.ide.mcu.externaltools.gnu-tools-for-stm32.13.3.rel1.win32_1.0.100.202509120712/tools/bin/../lib/gcc/arm-none-eabi/13.3.1/../../../../arm-none-eabi/lib/thumb/v7e-m+fp/hard\libc_nano.a(libc_a-mlock.o)
                0x08007f90                __malloc_lock
 .text.__malloc_unlock
                0x08007f9c        0xc C:/ST/STM32CubeIDE_2.0.0/STM32CubeIDE/plugins/com.st.stm32cube.ide.mcu.externaltools.gnu-tools-for-stm32.13.3.rel1.win32_1.0.100.202509120712/tools/bin/../lib/gcc/arm-none-eabi/13.3.1/../../../../arm-none-eabi/lib/thumb/v7e-m+fp/hard\libc_nano.a(libc_a-mlock.o)
                0x08007f9c                __malloc_unlock
 .text._Balloc  0x08007fa8       0x80 C:/ST/STM32CubeIDE_2.0.0/STM32CubeIDE/plugins/com.st.stm32cube.ide.mcu.externaltools.gnu-tools-for-stm32.13.3.rel1.win32_1.0.100.202509120712/tools/bin/../lib/gcc/arm-none-eabi/13.3.1/../../../../arm-none-eabi/lib/thumb/v7e-m+fp/hard\libc_nano.a(libc_a-mprec.o)
                0x08007fa8                _Balloc
 .text._Bfree   0x08008028       0x44 C:/ST/STM32CubeIDE_2.0.0/STM32CubeIDE/plugins/com.st.stm32cube.ide.mcu.externaltools.gnu-tools-for-stm32.13.3.rel1.win32_1.0.100.202509120712/tools/bin/../lib/gcc/arm-none-eabi/13.3.1/../../../../arm-none-eabi/lib/thumb/v7e-m+fp/hard\libc_nano.a(libc_a-mprec.o)
                0x08008028                _Bfree
 .text.__multadd
                0x0800806c       0x8c C:/ST/STM32CubeIDE_2.0.0/STM32CubeIDE/plugins/com.st.stm32cube.ide.mcu.externaltools.gnu-tools-for-stm32.13.3.rel1.win32_1.0.100.202509120712/tools/bin/../lib/gcc/arm-none-eabi/13.3.1/../../../../arm-none-eabi/lib/thumb/v7e-m+fp/hard\libc_nano.a(libc_a-mprec.o)
                0x0800806c                __multadd
 .text.__s2b    0x080080f8       0x94 C:/ST/STM32CubeIDE_2.0.0/STM32CubeIDE/plugins/com.st.stm32cube.ide.mcu.externaltools.gnu-tools-for-stm32.13.3.rel1.win32_1.0.100.202509120712/tools/bin/../lib/gcc/arm-none-eabi/13.3.1/../../../../arm-none-eabi/lib/thumb/v7e-m+fp/hard\libc_nano.a(libc_a-mprec.o)
                0x080080f8                __s2b
 .text.__hi0bits
                0x0800818c       0x3e C:/ST/STM32CubeIDE_2.0.0/STM32CubeIDE/plugins/com.st.stm32cube.ide.mcu.externaltools.gnu-tools-for-stm32.13.3.rel1.win32_1.0.100.202509120712/tools/bin/../lib/gcc/arm-none-eabi/13.3.1/../../../../arm-none-eabi/lib/thumb/v7e-m+fp/hard\libc_nano.a(libc_a-mprec.o)
                0x0800818c                __hi0bits
 .text.__lo0bits
                0x080081ca       0x5a C:/ST/STM32CubeIDE_2.0.0/STM32CubeIDE/plugins/com.st.stm32cube.ide.mcu.externaltools.gnu-tools-for-stm32.13.3.rel1.win32_1.0.100.202509120712/tools/bin/../lib/gcc/arm-none-eabi/13.3.1/../../../../arm-none-eabi/lib/thumb/v7e-m+fp/hard\libc_nano.a(libc_a-mprec.o)
                0x080081ca                __lo0bits
 .text.__i2b    0x08008224       0x2c C:/ST/STM32CubeIDE_2.0.0/STM32CubeIDE/plugins/com.st.stm32cube.ide.mcu.externaltools.gnu-tools-for-stm32.13.3.rel1.win32_1.0.100.202509120712/tools/bin/../lib/gcc/arm-none-eabi/13.3.1/../../../../arm-none-eabi/lib/thumb/v7e-m+fp/hard\libc_nano.a(libc_a-mprec.o)
                0x08008224                __i2b
 .text.__multiply
                0x08008250      0x144 C:/ST/STM32CubeIDE_2.0.0/STM32CubeIDE/plugins/com.st.stm32cube.ide.mcu.externaltools.gnu-tools-for-stm32.13.3.rel1.win32_1.0.100.202509120712/tools/bin/../lib/gcc/arm-none-eabi/13.3.1/../../../../arm-none-eabi/lib/thumb/v7e-m+fp/hard\libc_nano.a(libc_a-mprec.o)
                0x08008250                __multiply
 .text.__pow5mult
                0x08008394       0xb4 C:/ST/STM32CubeIDE_2.0.0/STM32CubeIDE/plugins/com.st.stm32cube.ide.mcu.externaltools.gnu-tools-for-stm32.13.3.rel1.win32_1.0.100.202509120712/tools/bin/../lib/gcc/arm-none-eabi/13.3.1/../../../../arm-none-eabi/lib/thumb/v7e-m+fp/hard\libc_nano.a(libc_a-mprec.o)
                0x08008394                __pow5mult
 .text.__lshift
                0x08008448       0xd8 C:/ST/STM32CubeIDE_2.0.0/STM32CubeIDE/plugins/com.st.stm32cube.ide.mcu.externaltools.gnu-tools-for-stm32.13.3.rel1.win32_1.0.100.202509120712/tools/bin/../lib/gcc/arm-none-eabi/13.3.1/../../../../arm-none-eabi/lib/thumb/v7e-m+fp/hard\libc_nano.a(libc_a-mprec.o)
                0x08008448                __lshift
 .text.__mcmp   0x08008520       0x36 C:/ST/STM32CubeIDE_2.0.0/STM32CubeIDE/plugins/com.st.stm32cube.ide.mcu.externaltools.gnu-tools-for-stm32.13.3.rel1.win32_1.0.100.202509120712/tools/bin/../lib/gcc/arm-none-eabi/13.3.1/../../../../arm-none-eabi/lib/thumb/v7e-m+fp/hard\libc_nano.a(libc_a-mprec.o)
                0x08008520                __mcmp
 *fill*         0x08008556        0x2 
 .text.__mdiff  0x08008558      0x128 C:/ST/STM32CubeIDE_2.0.0/STM32CubeIDE/plugins/com.st.stm32cube.ide.mcu.externaltools.gnu-tools-for-stm32.13.3.rel1.win32_1.0.100.202509120712/tools/bin/../lib/gcc/arm-none-eabi/13.3.1/../../../../arm-none-eabi/lib/thumb/v7e-m+fp/hard\libc_nano.a(libc_a-mprec.o)
                0x08008558                __mdiff
 .text.__ulp    0x08008680       0x4c C:/ST/STM32CubeIDE_2.0.0/STM32CubeIDE/plugins/com.st.stm32cube.ide.mcu.externaltools.gnu-tools-for-stm32.13.3.rel1.win32_1.0.100.202509120712/tools/bin/../lib/gcc/arm-none-eabi/13.3.1/../../../../arm-none-eabi/lib/thumb/v7e-m+fp/hard\libc_nano.a(libc_a-mprec.o)
                0x08008680                __ulp
 .text.__b2d    0x080086cc       0x94 C:/ST/STM32CubeIDE_2.0.0/STM32CubeIDE/plugins/com.st.stm32cube.ide.mcu.externaltools.gnu-tools-for-stm32.13.3.rel1.win32_1.0.100.202509120712/tools/bin/../lib/gcc/arm-none-eabi/13.3.1/../../../../arm-none-eabi/lib/thumb/v7e-m+fp/hard\libc_nano.a(libc_a-mprec.o)
                0x080086cc                __b2d
 .text.__d2b    0x08008760       0xb0 C:/ST/STM32CubeIDE_2.0.0/STM32CubeIDE/plugins/com.st.stm32cube.ide.mcu.externaltools.gnu-tools-for-stm32.13.3.rel1.win32_1.0.100.202509120712/tools/bin/../lib/gcc/arm-none-eabi/13.3.1/../../../../arm-none-eabi/lib/thumb/v7e-m+fp/hard\libc_nano.a(libc_a-mprec.o)
                0x08008760                __d2b
 .text.__ratio  0x08008810       0x64 C:/ST/STM32CubeIDE_2.0.0/STM32CubeIDE/plugins/com.st.stm32cube.ide.mcu.externaltools.gnu-tools-for-stm32.13.3.rel1.win32_1.0.100.202509120712/tools/bin/../lib/gcc/arm-none-eabi/13.3.1/../../../../arm-none-eabi/lib/thumb/v7e-m+fp/hard\libc_nano.a(libc_a-mprec.o)
                0x08008810                __ratio
 .text.__copybits
                0x08008874       0x46 C:/ST/STM32CubeIDE_2.0.0/STM32CubeIDE/plugins/com.st.stm32cube.ide.mcu.externaltools.gnu-tools-for-stm32.13.3.rel1.win32_1.0.100.202509120712/tools/bin/../lib/gcc/arm-none-eabi/13.3.1/../../../../arm-none-eabi/lib/thumb/v7e-m+fp/hard\libc_nano.a(libc_a-mprec.o)
                0x08008874                __copybits
 .text.__any_on
                0x080088ba       0x42 C:/ST/STM32CubeIDE_2.0.0/STM32CubeIDE/plugins/com.st.stm32cube.ide.mcu.externaltools.gnu-tools-for-stm32.13.3.rel1.win32_1.0.100.202509120712/tools/bin/../lib/gcc/arm-none-eabi/13.3.1/../../../../arm-none-eabi/lib/thumb/v7e-m+fp/hard\libc_nano.a(libc_a-mprec.o)
                0x080088ba                __any_on
 .text.__ascii_wctomb
                0x080088fc       0x1a C:/ST/STM32CubeIDE_2.0.0/STM32CubeIDE/plugins/com.st.stm32cube.ide.mcu.externaltools.gnu-tools-for-stm32.13.3.rel1.win32_1.0.100.202509120712/tools/bin/../lib/gcc/arm-none-eabi/13.3.1/../../../../arm-none-eabi/lib/thumb/v7e-m+fp/hard\libc_nano.a(libc_a-wctomb_r.o)
                0x080088fc                __ascii_wctomb
 *fill*         0x08008916        0x2 
 .text.__sflush_r
                0x08008918      0x108 C:/ST/STM32CubeIDE_2.0.0/STM32CubeIDE/plugins/com.st.stm32cube.ide.mcu.externaltools.gnu-tools-for-stm32.13.3.rel1.win32_1.0.100.202509120712/tools/bin/../lib/gcc/arm-none-eabi/13.3.1/../../../../arm-none-eabi/lib/thumb/v7e-m+fp/hard\libc_nano.a(libc_a-fflush.o)
                0x08008918                __sflush_r
 .text._fflush_r
                0x08008a20       0x50 C:/ST/STM32CubeIDE_2.0.0/STM32CubeIDE/plugins/com.st.stm32cube.ide.mcu.externaltools.gnu-tools-for-stm32.13.3.rel1.win32_1.0.100.202509120712/tools/bin/../lib/gcc/arm-none-eabi/13.3.1/../../../../arm-none-eabi/lib/thumb/v7e-m+fp/hard\libc_nano.a(libc_a-fflush.o)
                0x08008a20                _fflush_r
 .text.fprintf  0x08008a70       0x24 C:/ST/STM32CubeIDE_2.0.0/STM32CubeIDE/plugins/com.st.stm32cube.ide.mcu.externaltools.gnu-tools-for-stm32.13.3.rel1.win32_1.0.100.202509120712/tools/bin/../lib/gcc/arm-none-eabi/13.3.1/../../../../arm-none-eabi/lib/thumb/v7e-m+fp/hard\libc_nano.a(libc_a-fprintf.o)
                0x08008a70                fiprintf
                0x08008a70                fprintf
 .text._sbrk_r  0x08008a94       0x20 C:/ST/STM32CubeIDE_2.0.0/STM32CubeIDE/plugins/com.st.stm32cube.ide.mcu.externaltools.gnu-tools-for-stm32.13.3.rel1.win32_1.0.100.202509120712/tools/bin/../lib/gcc/arm-none-eabi/13.3.1/../../../../arm-none-eabi/lib/thumb/v7e-m+fp/hard\libc_nano.a(libc_a-sbrkr.o)
                0x08008a94                _sbrk_r
 .text.abort    0x08008ab4        0xe C:/ST/STM32CubeIDE_2.0.0/STM32CubeIDE/plugins/com.st.stm32cube.ide.mcu.externaltools.gnu-tools-for-stm32.13.3.rel1.win32_1.0.100.202509120712/tools/bin/../lib/gcc/arm-none-eabi/13.3.1/../../../../arm-none-eabi/lib/thumb/v7e-m+fp/hard\libc_nano.a(libc_a-abort.o)
                0x08008ab4                abort
 .text._calloc_r
                0x08008ac2       0x28 C:/ST/STM32CubeIDE_2.0.0/STM32CubeIDE/plugins/com.st.stm32cube.ide.mcu.externaltools.gnu-tools-for-stm32.13.3.rel1.win32_1.0.100.202509120712/tools/bin/../lib/gcc/arm-none-eabi/13.3.1/../../../../arm-none-eabi/lib/thumb/v7e-m+fp/hard\libc_nano.a(libc_a-callocr.o)
                0x08008ac2                _calloc_r
 .text.__sfputc_r
                0x08008aea       0x2e C:/ST/STM32CubeIDE_2.0.0/STM32CubeIDE/plugins/com.st.stm32cube.ide.mcu.externaltools.gnu-tools-for-stm32.13.3.rel1.win32_1.0.100.202509120712/tools/bin/../lib/gcc/arm-none-eabi/13.3.1/../../../../arm-none-eabi/lib/thumb/v7e-m+fp/hard\libc_nano.a(libc_a-nano-vfprintf.o)
 .text.__sfputs_r
                0x08008b18       0x24 C:/ST/STM32CubeIDE_2.0.0/STM32CubeIDE/plugins/com.st.stm32cube.ide.mcu.externaltools.gnu-tools-for-stm32.13.3.rel1.win32_1.0.100.202509120712/tools/bin/../lib/gcc/arm-none-eabi/13.3.1/../../../../arm-none-eabi/lib/thumb/v7e-m+fp/hard\libc_nano.a(libc_a-nano-vfprintf.o)
                0x08008b18                __sfputs_r
 .text._vfprintf_r
                0x08008b3c      0x230 C:/ST/STM32CubeIDE_2.0.0/STM32CubeIDE/plugins/com.st.stm32cube.ide.mcu.externaltools.gnu-tools-for-stm32.13.3.rel1.win32_1.0.100.202509120712/tools/bin/../lib/gcc/arm-none-eabi/13.3.1/../../../../arm-none-eabi/lib/thumb/v7e-m+fp/hard\libc_nano.a(libc_a-nano-vfprintf.o)
                0x08008b3c                _vfprintf_r
                0x08008b3c                _vfiprintf_r
 .text._printf_common
                0x08008d6c       0xda C:/ST/STM32CubeIDE_2.0.0/STM32CubeIDE/plugins/com.st.stm32cube.ide.mcu.externaltools.gnu-tools-for-stm32.13.3.rel1.win32_1.0.100.202509120712/tools/bin/../lib/gcc/arm-none-eabi/13.3.1/../../../../arm-none-eabi/lib/thumb/v7e-m+fp/hard\libc_nano.a(libc_a-nano-vfprintf_i.o)
                0x08008d6c                _printf_common
 *fill*         0x08008e46        0x2 
 .text._printf_i
                0x08008e48      0x23c C:/ST/STM32CubeIDE_2.0.0/STM32CubeIDE/plugins/com.st.stm32cube.ide.mcu.externaltools.gnu-tools-for-stm32.13.3.rel1.win32_1.0.100.202509120712/tools/bin/../lib/gcc/arm-none-eabi/13.3.1/../../../../arm-none-eabi/lib/thumb/v7e-m+fp/hard\libc_nano.a(libc_a-nano-vfprintf_i.o)
                0x08008e48                _printf_i
 .text.__swbuf_r
                0x08009084       0x7c C:/ST/STM32CubeIDE_2.0.0/STM32CubeIDE/plugins/com.st.stm32cube.ide.mcu.externaltools.gnu-tools-for-stm32.13.3.rel1.win32_1.0.100.202509120712/tools/bin/../lib/gcc/arm-none-eabi/13.3.1/../../../../arm-none-eabi/lib/thumb/v7e-m+fp/hard\libc_nano.a(libc_a-wbuf.o)
                0x08009084                __swbuf_r
 .text.__swsetup_r
                0x08009100       0xac C:/ST/STM32CubeIDE_2.0.0/STM32CubeIDE/plugins/com.st.stm32cube.ide.mcu.externaltools.gnu-tools-for-stm32.13.3.rel1.win32_1.0.100.202509120712/tools/bin/../lib/gcc/arm-none-eabi/13.3.1/../../../../arm-none-eabi/lib/thumb/v7e-m+fp/hard\libc_nano.a(libc_a-wsetup.o)
                0x08009100                __swsetup_r
 .text._raise_r
                0x080091ac       0x50 C:/ST/STM32CubeIDE_2.0.0/STM32CubeIDE/plugins/com.st.stm32cube.ide.mcu.externaltools.gnu-tools-for-stm32.13.3.rel1.win32_1.0.100.202509120712/tools/bin/../lib/gcc/arm-none-eabi/13.3.1/../../../../arm-none-eabi/lib/thumb/v7e-m+fp/hard\libc_nano.a(libc_a-signal.o)
                0x080091ac                _raise_r
 .text.raise    0x080091fc       0x10 C:/ST/STM32CubeIDE_2.0.0/STM32CubeIDE/plugins/com.st.stm32cube.ide.mcu.externaltools.gnu-tools-for-stm32.13.3.rel1.win32_1.0.100.202509120712/tools/bin/../lib/gcc/arm-none-eabi/13.3.1/../../../../arm-none-eabi/lib/thumb/v7e-m+fp/hard\libc_nano.a(libc_a-signal.o)
                0x080091fc                raise
 .text._kill_r  0x0800920c       0x24 C:/ST/STM32CubeIDE_2.0.0/STM32CubeIDE/plugins/com.st.stm32cube.ide.mcu.externaltools.gnu-tools-for-stm32.13.3.rel1.win32_1.0.100.202509120712/tools/bin/../lib/gcc/arm-none-eabi/13.3.1/../../../../arm-none-eabi/lib/thumb/v7e-m+fp/hard\libc_nano.a(libc_a-signalr.o)
                0x0800920c                _kill_r
 .text._getpid_r
                0x08009230        0x4 C:/ST/STM32CubeIDE_2.0.0/STM32CubeIDE/plugins/com.st.stm32cube.ide.mcu.externaltools.gnu-tools-for-stm32.13.3.rel1.win32_1.0.100.202509120712/tools/bin/../lib/gcc/arm-none-eabi/13.3.1/../../../../arm-none-eabi/lib/thumb/v7e-m+fp/hard\libc_nano.a(libc_a-signalr.o)
                0x08009230                _getpid_r
 .text.__swhatbuf_r
                0x08009234       0x4c C:/ST/STM32CubeIDE_2.0.0/STM32CubeIDE/plugins/com.st.stm32cube.ide.mcu.externaltools.gnu-tools-for-stm32.13.3.rel1.win32_1.0.100.202509120712/tools/bin/../lib/gcc/arm-none-eabi/13.3.1/../../../../arm-none-eabi/lib/thumb/v7e-m+fp/hard\libc_nano.a(libc_a-makebuf.o)
                0x08009234                __swhatbuf_r
 .text.__smakebuf_r
                0x08009280       0x78 C:/ST/STM32CubeIDE_2.0.0/STM32CubeIDE/plugins/com.st.stm32cube.ide.mcu.externaltools.gnu-tools-for-stm32.13.3.rel1.win32_1.0.100.202509120712/tools/bin/../lib/gcc/arm-none-eabi/13.3.1/../../../../arm-none-eabi/lib/thumb/v7e-m+fp/hard\libc_nano.a(libc_a-makebuf.o)
                0x08009280                __smakebuf_r
 .text._fstat_r
                0x080092f8       0x24 C:/ST/STM32CubeIDE_2.0.0/STM32CubeIDE/plugins/com.st.stm32cube.ide.mcu.externaltools.gnu-tools-for-stm32.13.3.rel1.win32_1.0.100.202509120712/tools/bin/../lib/gcc/arm-none-eabi/13.3.1/../../../../arm-none-eabi/lib/thumb/v7e-m+fp/hard\libc_nano.a(libc_a-fstatr.o)
                0x080092f8                _fstat_r
 .text._isatty_r
                0x0800931c       0x20 C:/ST/STM32CubeIDE_2.0.0/STM32CubeIDE/plugins/com.st.stm32cube.ide.mcu.externaltools.gnu-tools-for-stm32.13.3.rel1.win32_1.0.100.202509120712/tools/bin/../lib/gcc/arm-none-eabi/13.3.1/../../../../arm-none-eabi/lib/thumb/v7e-m+fp/hard\libc_nano.a(libc_a-isattyr.o)
                0x0800931c                _isatty_r
 *(.glue_7)
 .glue_7        0x0800933c        0x0 linker stubs
 *(.glue_7t)
 .glue_7t       0x0800933c        0x0 linker stubs
 *(.eh_frame)
 .eh_frame      0x0800933c        0x0 C:/ST/STM32CubeIDE_2.0.0/STM32CubeIDE/plugins/com.st.stm32cube.ide.mcu.externaltools.gnu-tools-for-stm32.13.3.rel1.win32_1.0.100.202509120712/tools/bin/../lib/gcc/arm-none-eabi/13.3.1/thumb/v7e-m+fp/hard/crtbegin.o
 *(.init)
 .init          0x0800933c        0x4 C:/ST/STM32CubeIDE_2.0.0/STM32CubeIDE/plugins/com.st.stm32cube.ide.mcu.externaltools.gnu-tools-for-stm32.13.3.rel1.win32_1.0.100.202509120712/tools/bin/../lib/gcc/arm-none-eabi/13.3.1/thumb/v7e-m+fp/hard/crti.o
                0x0800933c                _init
 .init          0x08009340        0x8 C:/ST/STM32CubeIDE_2.0.0/STM32CubeIDE/plugins/com.st.stm32cube.ide.mcu.externaltools.gnu-tools-for-stm32.13.3.rel1.win32_1.0.100.202509120712/tools/bin/../lib/gcc/arm-none-eabi/13.3.1/thumb/v7e-m+fp/hard/crtn.o
 *(.fini)
 .fini          0x08009348        0x4 C:/ST/STM32CubeIDE_2.0.0/STM32CubeIDE/plugins/com.st.stm32cube.ide.mcu.externaltools.gnu-tools-for-stm32.13.3.rel1.win32_1.0.100.202509120712/tools/bin/../lib/gcc/arm-none-eabi/13.3.1/thumb/v7e-m+fp/hard/crti.o
                0x08009348                _fini
 .fini          0x0800934c        0x8 C:/ST/STM32CubeIDE_2.0.0/STM32CubeIDE/plugins/com.st.stm32cube.ide.mcu.externaltools.gnu-tools-for-stm32.13.3.rel1.win32_1.0.100.202509120712/tools/bin/../lib/gcc/arm-none-eabi/13.3.1/thumb/v7e-m+fp/hard/crtn.o
                0x08009354                        . = ALIGN (0x4)
                0x08009354                        _etext = .

.vfp11_veneer   0x08009354        0x0
 .vfp11_veneer  0x08009354        0x0 linker stubs

.v4_bx          0x08009354        0x0
 .v4_bx         0x08009354        0x0 linker stubs

.iplt           0x08009354        0x0
 .iplt          0x08009354        0x0 C:/ST/STM32CubeIDE_2.0.0/STM32CubeIDE/plugins/com.st.stm32cube.ide.mcu.externaltools.gnu-tools-for-stm32.13.3.rel1.win32_1.0.100.202509120712/tools/bin/../lib/gcc/arm-none-eabi/13.3.1/thumb/v7e-m+fp/hard/crtbegin.o

.rodata         0x08009358     0x2f08
                0x08009358                        . = ALIGN (0x4)
 *(.rodata)
 .rodata        0x08009358     0x2a51 ./App/dbc/can_dbc_text.o
 *fill*         0x0800bda9        0x3 
 .rodata        0x0800bdac       0x3f ./App/systems/can_system.o
 *fill*         0x0800bdeb        0x1 
 .rodata        0x0800bdec       0x17 ./App/systems/pcb_led_system.o
 *(.rodata*)
 *fill*         0x0800be03        0x1 
 .rodata.g_can_rx_id_filter
                0x0800be04        0x0 ./App/Src/can_config.o
                0x0800be04                g_can_rx_id_filter
 .rodata.g_can_rx_id_filter_count
                0x0800be04        0x4 ./App/Src/can_config.o
                0x0800be04                g_can_rx_id_filter_count
 .rodata.AHBPrescTable
                0x0800be08       0x10 ./Platform/Src/system_stm32l4xx.o
                0x0800be08                AHBPrescTable
 .rodata.APBPrescTable
                0x0800be18        0x8 ./Platform/Src/system_stm32l4xx.o
                0x0800be18                APBPrescTable
 .rodata.MSIRangeTable
                0x0800be20       0x30 ./Platform/Src/system_stm32l4xx.o
                0x0800be20                MSIRangeTable
 .rodata._strtod_l.str1.1
                0x0800be50      0x1c0 C:/ST/STM32CubeIDE_2.0.0/STM32CubeIDE/plugins/com.st.stm32cube.ide.mcu.externaltools.gnu-tools-for-stm32.13.3.rel1.win32_1.0.100.202509120712/tools/bin/../lib/gcc/arm-none-eabi/13.3.1/../../../../arm-none-eabi/lib/thumb/v7e-m+fp/hard\libc_nano.a(libc_a-strtod.o)
                                  0xf (size before relaxing)
 .rodata.fpinan.0
                0x0800c010       0x14 C:/ST/STM32CubeIDE_2.0.0/STM32CubeIDE/plugins/com.st.stm32cube.ide.mcu.externaltools.gnu-tools-for-stm32.13.3.rel1.win32_1.0.100.202509120712/tools/bin/../lib/gcc/arm-none-eabi/13.3.1/../../../../arm-none-eabi/lib/thumb/v7e-m+fp/hard\libc_nano.a(libc_a-strtod.o)
 .rodata.fpi.1  0x0800c024       0x14 C:/ST/STM32CubeIDE_2.0.0/STM32CubeIDE/plugins/com.st.stm32cube.ide.mcu.externaltools.gnu-tools-for-stm32.13.3.rel1.win32_1.0.100.202509120712/tools/bin/../lib/gcc/arm-none-eabi/13.3.1/../../../../arm-none-eabi/lib/thumb/v7e-m+fp/hard\libc_nano.a(libc_a-strtod.o)
 .rodata.tinytens
                0x0800c038       0x28 C:/ST/STM32CubeIDE_2.0.0/STM32CubeIDE/plugins/com.st.stm32cube.ide.mcu.externaltools.gnu-tools-for-stm32.13.3.rel1.win32_1.0.100.202509120712/tools/bin/../lib/gcc/arm-none-eabi/13.3.1/../../../../arm-none-eabi/lib/thumb/v7e-m+fp/hard\libc_nano.a(libc_a-strtod.o)
 .rodata._ctype_
                0x0800c060      0x101 C:/ST/STM32CubeIDE_2.0.0/STM32CubeIDE/plugins/com.st.stm32cube.ide.mcu.externaltools.gnu-tools-for-stm32.13.3.rel1.win32_1.0.100.202509120712/tools/bin/../lib/gcc/arm-none-eabi/13.3.1/../../../../arm-none-eabi/lib/thumb/v7e-m+fp/hard\libc_nano.a(libc_a-ctype_.o)
                0x0800c060                _ctype_
 .rodata.strtok.str1.1
                0x0800c161        0x0 C:/ST/STM32CubeIDE_2.0.0/STM32CubeIDE/plugins/com.st.stm32cube.ide.mcu.externaltools.gnu-tools-for-stm32.13.3.rel1.win32_1.0.100.202509120712/tools/bin/../lib/gcc/arm-none-eabi/13.3.1/../../../../arm-none-eabi/lib/thumb/v7e-m+fp/hard\libc_nano.a(libc_a-strtok.o)
                                 0x71 (size before relaxing)
 .rodata._setlocale_r.str1.1
                0x0800c161        0x0 C:/ST/STM32CubeIDE_2.0.0/STM32CubeIDE/plugins/com.st.stm32cube.ide.mcu.externaltools.gnu-tools-for-stm32.13.3.rel1.win32_1.0.100.202509120712/tools/bin/../lib/gcc/arm-none-eabi/13.3.1/../../../../arm-none-eabi/lib/thumb/v7e-m+fp/hard\libc_nano.a(libc_a-locale.o)
                                  0x9 (size before relaxing)
 .rodata.str1.1
                0x0800c161        0x0 C:/ST/STM32CubeIDE_2.0.0/STM32CubeIDE/plugins/com.st.stm32cube.ide.mcu.externaltools.gnu-tools-for-stm32.13.3.rel1.win32_1.0.100.202509120712/tools/bin/../lib/gcc/arm-none-eabi/13.3.1/../../../../arm-none-eabi/lib/thumb/v7e-m+fp/hard\libc_nano.a(libc_a-locale.o)
                                  0x2 (size before relaxing)
 .rodata.__assert_func.str1.1
                0x0800c161        0x0 C:/ST/STM32CubeIDE_2.0.0/STM32CubeIDE/plugins/com.st.stm32cube.ide.mcu.externaltools.gnu-tools-for-stm32.13.3.rel1.win32_1.0.100.202509120712/tools/bin/../lib/gcc/arm-none-eabi/13.3.1/../../../../arm-none-eabi/lib/thumb/v7e-m+fp/hard\libc_nano.a(libc_a-assert.o)
                                 0x3d (size before relaxing)
 .rodata.__gethex.str1.1
                0x0800c161        0x0 C:/ST/STM32CubeIDE_2.0.0/STM32CubeIDE/plugins/com.st.stm32cube.ide.mcu.externaltools.gnu-tools-for-stm32.13.3.rel1.win32_1.0.100.202509120712/tools/bin/../lib/gcc/arm-none-eabi/13.3.1/../../../../arm-none-eabi/lib/thumb/v7e-m+fp/hard\libc_nano.a(libc_a-gdtoa-gethex.o)
                                 0x73 (size before relaxing)
 .rodata._Balloc.str1.1
                0x0800c161        0x0 C:/ST/STM32CubeIDE_2.0.0/STM32CubeIDE/plugins/com.st.stm32cube.ide.mcu.externaltools.gnu-tools-for-stm32.13.3.rel1.win32_1.0.100.202509120712/tools/bin/../lib/gcc/arm-none-eabi/13.3.1/../../../../arm-none-eabi/lib/thumb/v7e-m+fp/hard\libc_nano.a(libc_a-mprec.o)
                                 0x70 (size before relaxing)
 .rodata.__multadd.str1.1
                0x0800c161        0x0 C:/ST/STM32CubeIDE_2.0.0/STM32CubeIDE/plugins/com.st.stm32cube.ide.mcu.externaltools.gnu-tools-for-stm32.13.3.rel1.win32_1.0.100.202509120712/tools/bin/../lib/gcc/arm-none-eabi/13.3.1/../../../../arm-none-eabi/lib/thumb/v7e-m+fp/hard\libc_nano.a(libc_a-mprec.o)
                                 0x11 (size before relaxing)
 *fill*         0x0800c161        0x3 
 .rodata.p05.0  0x0800c164        0xc C:/ST/STM32CubeIDE_2.0.0/STM32CubeIDE/plugins/com.st.stm32cube.ide.mcu.externaltools.gnu-tools-for-stm32.13.3.rel1.win32_1.0.100.202509120712/tools/bin/../lib/gcc/arm-none-eabi/13.3.1/../../../../arm-none-eabi/lib/thumb/v7e-m+fp/hard\libc_nano.a(libc_a-mprec.o)
 .rodata.__mprec_bigtens
                0x0800c170       0x28 C:/ST/STM32CubeIDE_2.0.0/STM32CubeIDE/plugins/com.st.stm32cube.ide.mcu.externaltools.gnu-tools-for-stm32.13.3.rel1.win32_1.0.100.202509120712/tools/bin/../lib/gcc/arm-none-eabi/13.3.1/../../../../arm-none-eabi/lib/thumb/v7e-m+fp/hard\libc_nano.a(libc_a-mprec.o)
                0x0800c170                __mprec_bigtens
 .rodata.__mprec_tens
                0x0800c198       0xc8 C:/ST/STM32CubeIDE_2.0.0/STM32CubeIDE/plugins/com.st.stm32cube.ide.mcu.externaltools.gnu-tools-for-stm32.13.3.rel1.win32_1.0.100.202509120712/tools/bin/../lib/gcc/arm-none-eabi/13.3.1/../../../../arm-none-eabi/lib/thumb/v7e-m+fp/hard\libc_nano.a(libc_a-mprec.o)
                0x0800c198                __mprec_tens
 .rodata._vfprintf_r.str1.1
                0x0800c260        0x0 C:/ST/STM32CubeIDE_2.0.0/STM32CubeIDE/plugins/com.st.stm32cube.ide.mcu.externaltools.gnu-tools-for-stm32.13.3.rel1.win32_1.0.100.202509120712/tools/bin/../lib/gcc/arm-none-eabi/13.3.1/../../../../arm-none-eabi/lib/thumb/v7e-m+fp/hard\libc_nano.a(libc_a-nano-vfprintf.o)
                                 0x11 (size before relaxing)
 .rodata._printf_i.str1.1
                0x0800c260        0x0 C:/ST/STM32CubeIDE_2.0.0/STM32CubeIDE/plugins/com.st.stm32cube.ide.mcu.externaltools.gnu-tools-for-stm32.13.3.rel1.win32_1.0.100.202509120712/tools/bin/../lib/gcc/arm-none-eabi/13.3.1/../../../../arm-none-eabi/lib/thumb/v7e-m+fp/hard\libc_nano.a(libc_a-nano-vfprintf_i.o)
                                 0x22 (size before relaxing)
                0x0800c260                        . = ALIGN (0x4)

.ARM.extab      0x0800c260        0x0
                0x0800c260                        . = ALIGN (0x4)
 *(.ARM.extab* .gnu.linkonce.armextab.*)
                0x0800c260                        . = ALIGN (0x4)

.ARM            0x0800c260        0x8
                0x0800c260                        . = ALIGN (0x4)
                0x0800c260                        __exidx_start = .
 *(.ARM.exidx*)
 .ARM.exidx     0x0800c260        0x8 C:/ST/STM32CubeIDE_2.0.0/STM32CubeIDE/plugins/com.st.stm32cube.ide.mcu.externaltools.gnu-tools-for-stm32.13.3.rel1.win32_1.0.100.202509120712/tools/bin/../lib/gcc/arm-none-eabi/13.3.1/../../../../arm-none-eabi/lib/thumb/v7e-m+fp/hard\libc_nano.a(libc_a-strcmp.o)
 .ARM.exidx     0x0800c268        0x0 C:/ST/STM32CubeIDE_2.0.0/STM32CubeIDE/plugins/com.st.stm32cube.ide.mcu.externaltools.gnu-tools-for-stm32.13.3.rel1.win32_1.0.100.202509120712/tools/bin/../lib/gcc/arm-none-eabi/13.3.1/../../../../arm-none-eabi/lib/thumb/v7e-m+fp/hard\libc_nano.a(libc_a-memchr.o)
                                  0x8 (size before relaxing)
 .ARM.exidx     0x0800c268        0x0 C:/ST/STM32CubeIDE_2.0.0/STM32CubeIDE/plugins/com.st.stm32cube.ide.mcu.externaltools.gnu-tools-for-stm32.13.3.rel1.win32_1.0.100.202509120712/tools/bin/../lib/gcc/arm-none-eabi/13.3.1/thumb/v7e-m+fp/hard\libgcc.a(_udivmoddi4.o)
                                  0x8 (size before relaxing)
                0x0800c268                        __exidx_end = .
                0x0800c268                        . = ALIGN (0x4)

.preinit_array  0x0800c268        0x0
                0x0800c268                        . = ALIGN (0x4)
                0x0800c268                        PROVIDE (__preinit_array_start = .)
 *(.preinit_array*)
                0x0800c268                        PROVIDE (__preinit_array_end = .)
                0x0800c268                        . = ALIGN (0x4)

.init_array     0x0800c268        0x4
                0x0800c268                        . = ALIGN (0x4)
                0x0800c268                        PROVIDE (__init_array_start = .)
 *(SORT_BY_NAME(.init_array.*))
 *(.init_array*)
 .init_array    0x0800c268        0x4 C:/ST/STM32CubeIDE_2.0.0/STM32CubeIDE/plugins/com.st.stm32cube.ide.mcu.externaltools.gnu-tools-for-stm32.13.3.rel1.win32_1.0.100.202509120712/tools/bin/../lib/gcc/arm-none-eabi/13.3.1/thumb/v7e-m+fp/hard/crtbegin.o
                0x0800c26c                        PROVIDE (__init_array_end = .)
                0x0800c26c                        . = ALIGN (0x4)

.fini_array     0x0800c26c        0x4
                0x0800c26c                        . = ALIGN (0x4)
                [!provide]                        PROVIDE (__fini_array_start = .)
 *(SORT_BY_NAME(.fini_array.*))
 *(.fini_array*)
 .fini_array    0x0800c26c        0x4 C:/ST/STM32CubeIDE_2.0.0/STM32CubeIDE/plugins/com.st.stm32cube.ide.mcu.externaltools.gnu-tools-for-stm32.13.3.rel1.win32_1.0.100.202509120712/tools/bin/../lib/gcc/arm-none-eabi/13.3.1/thumb/v7e-m+fp/hard/crtbegin.o
                [!provide]                        PROVIDE (__fini_array_end = .)
                0x0800c270                        . = ALIGN (0x4)
                0x0800c270                        _sidata = LOADADDR (.data)

.rel.dyn        0x0800c270        0x0
 .rel.iplt      0x0800c270        0x0 C:/ST/STM32CubeIDE_2.0.0/STM32CubeIDE/plugins/com.st.stm32cube.ide.mcu.externaltools.gnu-tools-for-stm32.13.3.rel1.win32_1.0.100.202509120712/tools/bin/../lib/gcc/arm-none-eabi/13.3.1/thumb/v7e-m+fp/hard/crtbegin.o

.data           0x20000000      0x1d8 load address 0x0800c270
                0x20000000                        . = ALIGN (0x4)
                0x20000000                        _sdata = .
 *(.data)
 *(.data*)
 .data.g_can_dbc_text
                0x20000000        0x4 ./App/dbc/can_dbc_text.o
                0x20000000                g_can_dbc_text
 .data.uwTickPrio
                0x20000004        0x4 ./Drivers/STM32L4xx_HAL_Driver/Src/stm32l4xx_hal.o
                0x20000004                uwTickPrio
 .data.uwTickFreq
                0x20000008        0x1 ./Drivers/STM32L4xx_HAL_Driver/Src/stm32l4xx_hal.o
                0x20000008                uwTickFreq
 *fill*         0x20000009        0x3 
 .data.SystemCoreClock
                0x2000000c        0x4 ./Platform/Src/system_stm32l4xx.o
                0x2000000c                SystemCoreClock
 .data.__sglue  0x20000010        0xc C:/ST/STM32CubeIDE_2.0.0/STM32CubeIDE/plugins/com.st.stm32cube.ide.mcu.externaltools.gnu-tools-for-stm32.13.3.rel1.win32_1.0.100.202509120712/tools/bin/../lib/gcc/arm-none-eabi/13.3.1/../../../../arm-none-eabi/lib/thumb/v7e-m+fp/hard\libc_nano.a(libc_a-findfp.o)
                0x20000010                __sglue
 .data.__global_locale
                0x2000001c      0x16c C:/ST/STM32CubeIDE_2.0.0/STM32CubeIDE/plugins/com.st.stm32cube.ide.mcu.externaltools.gnu-tools-for-stm32.13.3.rel1.win32_1.0.100.202509120712/tools/bin/../lib/gcc/arm-none-eabi/13.3.1/../../../../arm-none-eabi/lib/thumb/v7e-m+fp/hard\libc_nano.a(libc_a-locale.o)
                0x2000001c                __global_locale
 .data._impure_ptr
                0x20000188        0x4 C:/ST/STM32CubeIDE_2.0.0/STM32CubeIDE/plugins/com.st.stm32cube.ide.mcu.externaltools.gnu-tools-for-stm32.13.3.rel1.win32_1.0.100.202509120712/tools/bin/../lib/gcc/arm-none-eabi/13.3.1/../../../../arm-none-eabi/lib/thumb/v7e-m+fp/hard\libc_nano.a(libc_a-impure.o)
                0x20000188                _impure_ptr
 .data._impure_data
                0x2000018c       0x4c C:/ST/STM32CubeIDE_2.0.0/STM32CubeIDE/plugins/com.st.stm32cube.ide.mcu.externaltools.gnu-tools-for-stm32.13.3.rel1.win32_1.0.100.202509120712/tools/bin/../lib/gcc/arm-none-eabi/13.3.1/../../../../arm-none-eabi/lib/thumb/v7e-m+fp/hard\libc_nano.a(libc_a-impure.o)
                0x2000018c                _impure_data
 *(.RamFunc)
 *(.RamFunc*)
                0x200001d8                        . = ALIGN (0x4)
                0x200001d8                        _edata = .

.igot.plt       0x200001d8        0x0 load address 0x0800c448
 .igot.plt      0x200001d8        0x0 C:/ST/STM32CubeIDE_2.0.0/STM32CubeIDE/plugins/com.st.stm32cube.ide.mcu.externaltools.gnu-tools-for-stm32.13.3.rel1.win32_1.0.100.202509120712/tools/bin/../lib/gcc/arm-none-eabi/13.3.1/thumb/v7e-m+fp/hard/crtbegin.o
                0x200001d8                        . = ALIGN (0x4)

.bss            0x200001d8     0xb2f4 load address 0x0800c448
                0x200001d8                        _sbss = .
                0x200001d8                        __bss_start__ = _sbss
 *(.bss)
 .bss           0x200001d8       0x1c C:/ST/STM32CubeIDE_2.0.0/STM32CubeIDE/plugins/com.st.stm32cube.ide.mcu.externaltools.gnu-tools-for-stm32.13.3.rel1.win32_1.0.100.202509120712/tools/bin/../lib/gcc/arm-none-eabi/13.3.1/thumb/v7e-m+fp/hard/crtbegin.o
 *(.bss*)
 .bss.s_params  0x200001f4     0x4800 ./App/Src/can_params.o
 .bss.s_param_count
                0x200049f4        0x4 ./App/Src/can_params.o
 .bss.s_controllers
                0x200049f8       0x40 ./App/rr/rr_scheduler.o
 .bss.s_controller_count
                0x20004a38        0x4 ./App/rr/rr_scheduler.o
 .bss.s_msgs    0x20004a3c     0x1200 ./App/systems/can_system.o
 .bss.s_sigs    0x20005c3c     0x5400 ./App/systems/can_system.o
 .bss.s_msg_count
                0x2000b03c        0x4 ./App/systems/can_system.o
 .bss.s_sig_count
                0x2000b040        0x4 ./App/systems/can_system.o
 .bss.s_msg_dirty
                0x2000b044       0x40 ./App/systems/can_system.o
 .bss.s_msg_tx_pending
                0x2000b084      0x240 ./App/systems/can_system.o
 .bss.s_inbox_updated_since_tick
                0x2000b2c4        0x1 ./App/systems/can_system.o
 .bss.s_inited.0
                0x2000b2c5        0x1 ./App/systems/can_system.o
 .bss.s_inited  0x2000b2c6        0x1 ./App/systems/pcb_led_system.o
 *fill*         0x2000b2c7        0x1 
 .bss.uwTick    0x2000b2c8        0x4 ./Drivers/STM32L4xx_HAL_Driver/Src/stm32l4xx_hal.o
                0x2000b2c8                uwTick
 .bss.hcan1     0x2000b2cc       0x28 ./Platform/Src/can.o
                0x2000b2cc                hcan1
 .bss.__sbrk_heap_end
                0x2000b2f4        0x4 ./Platform/Src/sysmem.o
 .bss.huart4    0x2000b2f8       0x88 ./Platform/Src/usart.o
                0x2000b2f8                huart4
 .bss.__sf      0x2000b380      0x138 C:/ST/STM32CubeIDE_2.0.0/STM32CubeIDE/plugins/com.st.stm32cube.ide.mcu.externaltools.gnu-tools-for-stm32.13.3.rel1.win32_1.0.100.202509120712/tools/bin/../lib/gcc/arm-none-eabi/13.3.1/../../../../arm-none-eabi/lib/thumb/v7e-m+fp/hard\libc_nano.a(libc_a-findfp.o)
                0x2000b380                __sf
 .bss.__stdio_exit_handler
                0x2000b4b8        0x4 C:/ST/STM32CubeIDE_2.0.0/STM32CubeIDE/plugins/com.st.stm32cube.ide.mcu.externaltools.gnu-tools-for-stm32.13.3.rel1.win32_1.0.100.202509120712/tools/bin/../lib/gcc/arm-none-eabi/13.3.1/../../../../arm-none-eabi/lib/thumb/v7e-m+fp/hard\libc_nano.a(libc_a-findfp.o)
                0x2000b4b8                __stdio_exit_handler
 .bss.errno     0x2000b4bc        0x4 C:/ST/STM32CubeIDE_2.0.0/STM32CubeIDE/plugins/com.st.stm32cube.ide.mcu.externaltools.gnu-tools-for-stm32.13.3.rel1.win32_1.0.100.202509120712/tools/bin/../lib/gcc/arm-none-eabi/13.3.1/../../../../arm-none-eabi/lib/thumb/v7e-m+fp/hard\libc_nano.a(libc_a-reent.o)
                0x2000b4bc                errno
 .bss.__lock___malloc_recursive_mutex
                0x2000b4c0        0x1 C:/ST/STM32CubeIDE_2.0.0/STM32CubeIDE/plugins/com.st.stm32cube.ide.mcu.externaltools.gnu-tools-for-stm32.13.3.rel1.win32_1.0.100.202509120712/tools/bin/../lib/gcc/arm-none-eabi/13.3.1/../../../../arm-none-eabi/lib/thumb/v7e-m+fp/hard\libc_nano.a(libc_a-lock.o)
                0x2000b4c0                __lock___malloc_recursive_mutex
 .bss.__lock___sfp_recursive_mutex
                0x2000b4c1        0x1 C:/ST/STM32CubeIDE_2.0.0/STM32CubeIDE/plugins/com.st.stm32cube.ide.mcu.externaltools.gnu-tools-for-stm32.13.3.rel1.win32_1.0.100.202509120712/tools/bin/../lib/gcc/arm-none-eabi/13.3.1/../../../../arm-none-eabi/lib/thumb/v7e-m+fp/hard\libc_nano.a(libc_a-lock.o)
                0x2000b4c1                __lock___sfp_recursive_mutex
 *fill*         0x2000b4c2        0x2 
 .bss.__malloc_sbrk_start
                0x2000b4c4        0x4 C:/ST/STM32CubeIDE_2.0.0/STM32CubeIDE/plugins/com.st.stm32cube.ide.mcu.externaltools.gnu-tools-for-stm32.13.3.rel1.win32_1.0.100.202509120712/tools/bin/../lib/gcc/arm-none-eabi/13.3.1/../../../../arm-none-eabi/lib/thumb/v7e-m+fp/hard\libc_nano.a(libc_a-mallocr.o)
                0x2000b4c4                __malloc_sbrk_start
 .bss.__malloc_free_list
                0x2000b4c8        0x4 C:/ST/STM32CubeIDE_2.0.0/STM32CubeIDE/plugins/com.st.stm32cube.ide.mcu.externaltools.gnu-tools-for-stm32.13.3.rel1.win32_1.0.100.202509120712/tools/bin/../lib/gcc/arm-none-eabi/13.3.1/../../../../arm-none-eabi/lib/thumb/v7e-m+fp/hard\libc_nano.a(libc_a-mallocr.o)
                0x2000b4c8                __malloc_free_list
 *(COMMON)
                0x2000b4cc                        . = ALIGN (0x4)
                0x2000b4cc                        _ebss = .
                0x2000b4cc                        __bss_end__ = _ebss

._user_heap_stack
                0x2000b4cc      0x604 load address 0x0800c448
                0x2000b4d0                        . = ALIGN (0x8)
 *fill*         0x2000b4cc        0x4 
                [!provide]                        PROVIDE (end = .)
                0x2000b4d0                        PROVIDE (_end = .)
                0x2000b6d0                        . = (. + _Min_Heap_Size)
 *fill*         0x2000b4d0      0x200 
                0x2000bad0                        . = (. + _Min_Stack_Size)
 *fill*         0x2000b6d0      0x400 
                0x2000bad0                        . = ALIGN (0x8)

/DISCARD/
 libc.a(*)
 libm.a(*)
 libgcc.a(*)

.ARM.attributes
                0x00000000       0x30
 *(.ARM.attributes)
 .ARM.attributes
                0x00000000       0x22 C:/ST/STM32CubeIDE_2.0.0/STM32CubeIDE/plugins/com.st.stm32cube.ide.mcu.externaltools.gnu-tools-for-stm32.13.3.rel1.win32_1.0.100.202509120712/tools/bin/../lib/gcc/arm-none-eabi/13.3.1/thumb/v7e-m+fp/hard/crti.o
 .ARM.attributes
                0x00000022       0x34 C:/ST/STM32CubeIDE_2.0.0/STM32CubeIDE/plugins/com.st.stm32cube.ide.mcu.externaltools.gnu-tools-for-stm32.13.3.rel1.win32_1.0.100.202509120712/tools/bin/../lib/gcc/arm-none-eabi/13.3.1/thumb/v7e-m+fp/hard/crtbegin.o
 .ARM.attributes
                0x00000056       0x34 ./App/Src/can_config.o
 .ARM.attributes
                0x0000008a       0x34 ./App/Src/can_params.o
 .ARM.attributes
                0x000000be       0x34 ./App/dbc/can_dbc_text.o
 .ARM.attributes
                0x000000f2       0x34 ./App/rr/rr_scheduler.o
 .ARM.attributes
                0x00000126       0x34 ./App/systems/can_system.o
 .ARM.attributes
                0x0000015a       0x34 ./App/systems/pcb_led_system.o
 .ARM.attributes
                0x0000018e       0x34 ./Core/Src/error_handler.o
 .ARM.attributes
                0x000001c2       0x34 ./Core/Src/main.o
 .ARM.attributes
                0x000001f6       0x21 ./Core/Startup/startup_stm32l476rgtx.o
 .ARM.attributes
                0x00000217       0x34 ./Drivers/STM32L4xx_HAL_Driver/Src/stm32l4xx_hal.o
 .ARM.attributes
                0x0000024b       0x34 ./Drivers/STM32L4xx_HAL_Driver/Src/stm32l4xx_hal_can.o
 .ARM.attributes
                0x0000027f       0x34 ./Drivers/STM32L4xx_HAL_Driver/Src/stm32l4xx_hal_cortex.o
 .ARM.attributes
                0x000002b3       0x34 ./Drivers/STM32L4xx_HAL_Driver/Src/stm32l4xx_hal_gpio.o
 .ARM.attributes
                0x000002e7       0x34 ./Drivers/STM32L4xx_HAL_Driver/Src/stm32l4xx_hal_pwr_ex.o
 .ARM.attributes
                0x0000031b       0x34 ./Drivers/STM32L4xx_HAL_Driver/Src/stm32l4xx_hal_rcc.o
 .ARM.attributes
                0x0000034f       0x34 ./Drivers/STM32L4xx_HAL_Driver/Src/stm32l4xx_hal_rcc_ex.o
 .ARM.attributes
                0x00000383       0x34 ./Drivers/STM32L4xx_HAL_Driver/Src/stm32l4xx_hal_uart.o
 .ARM.attributes
                0x000003b7       0x34 ./Platform/Src/can.o
 .ARM.attributes
                0x000003eb       0x34 ./Platform/Src/gpio.o
 .ARM.attributes
                0x0000041f       0x34 ./Platform/Src/stm32l4xx_hal_msp.o
 .ARM.attributes
                0x00000453       0x34 ./Platform/Src/stm32l4xx_it.o
 .ARM.attributes
                0x00000487       0x34 ./Platform/Src/syscalls.o
 .ARM.attributes
                0x000004bb       0x34 ./Platform/Src/sysmem.o
 .ARM.attributes
                0x000004ef       0x34 ./Platform/Src/system_clock.o
 .ARM.attributes
                0x00000523       0x34 ./Platform/Src/system_stm32l4xx.o
 .ARM.attributes
                0x00000557       0x34 ./Platform/Src/usart.o
 .ARM.attributes
                0x0000058b       0x34 C:/ST/STM32CubeIDE_2.0.0/STM32CubeIDE/plugins/com.st.stm32cube.ide.mcu.externaltools.gnu-tools-for-stm32.13.3.rel1.win32_1.0.100.202509120712/tools/bin/../lib/gcc/arm-none-eabi/13.3.1/../../../../arm-none-eabi/lib/thumb/v7e-m+fp/hard\libc_nano.a(libc_a-strtod.o)
 .ARM.attributes
                0x000005bf       0x34 C:/ST/STM32CubeIDE_2.0.0/STM32CubeIDE/plugins/com.st.stm32cube.ide.mcu.externaltools.gnu-tools-for-stm32.13.3.rel1.win32_1.0.100.202509120712/tools/bin/../lib/gcc/arm-none-eabi/13.3.1/../../../../arm-none-eabi/lib/thumb/v7e-m+fp/hard\libc_nano.a(libc_a-strtol.o)
 .ARM.attributes
                0x000005f3       0x34 C:/ST/STM32CubeIDE_2.0.0/STM32CubeIDE/plugins/com.st.stm32cube.ide.mcu.externaltools.gnu-tools-for-stm32.13.3.rel1.win32_1.0.100.202509120712/tools/bin/../lib/gcc/arm-none-eabi/13.3.1/../../../../arm-none-eabi/lib/thumb/v7e-m+fp/hard\libc_nano.a(libc_a-strtoul.o)
 .ARM.attributes
                0x00000627       0x34 C:/ST/STM32CubeIDE_2.0.0/STM32CubeIDE/plugins/com.st.stm32cube.ide.mcu.externaltools.gnu-tools-for-stm32.13.3.rel1.win32_1.0.100.202509120712/tools/bin/../lib/gcc/arm-none-eabi/13.3.1/../../../../arm-none-eabi/lib/thumb/v7e-m+fp/hard\libc_nano.a(libc_a-ctype_.o)
 .ARM.attributes