../App/systems/can_system.c:75:13:rx_id_allowed	24	static
../App/systems/can_system.c:97:13:can_apply_filters	64	static
../App/systems/can_system.c:161:12:find_msg_index_by_id	24	static
../App/systems/can_system.c:173:12:find_sig_index_by_full_name	24	static
../App/systems/can_system.c:185:13:build_full_name	40	static
../App/systems/can_system.c:226:13:tx_pending_clear	16	static
../App/systems/can_system.c:231:13:tx_pending_add	24	static
../App/systems/can_system.c:252:13:mark_dirty_for_full_name	40	static
../App/systems/can_system.c:318:13:parse_uint	24	static
../App/systems/can_system.c:334:13:parse_float	24	static
../App/systems/can_system.c:354:13:parse_mux_token	32	static
../App/systems/can_system.c:389:13:dbc_parse_reset	16	static
../App/systems/can_system.c:419:13:dbc_parse_all	712	static
../App/systems/can_system.c:623:17:extract_bits_le	32	static
../App/systems/can_system.c:637:16:sign_extend	24	static
../App/systems/can_system.c:655:13:handle_rx_frame	72	static
../App/systems/can_system.c:740:13:process_rx_fifo0	48	static
../App/systems/can_system.c:759:6:HAL_CAN_RxFifo0MsgPendingCallback	16	static
../App/systems/can_system.c:771:13:insert_bits_le	32	static
../App/systems/can_system.c:786:13:encode_raw_from_param	40	static
../App/systems/can_system.c:823:13:transmit_one	72	static
../App/systems/can_system.c:877:13:transmit_dirty_messages	24	static
../App/systems/can_system.c:922:6:can_system_controller	16	static
../App/systems/can_system.c:958:6:CanSystem_SetBool	16	static
../App/systems/can_system.c:976:6:CanSystem_SetInt32	16	static
../App/systems/can_system.c:992:6:CanSystem_SetFloat	16	static
