../App/systems/servo_system.c:196:28:ServoSystem_OnSetZero	16	static
../App/systems/servo_system.c:197:28:ServoSystem_OnRequestVectors	16	static
../App/systems/servo_system.c:198:28:ServoSystem_OnStopMotor	16	static
../App/systems/servo_system.c:199:28:ServoSystem_OnShutdownMotor	16	static
../App/systems/servo_system.c:200:28:ServoSystem_OnClearErrors	16	static
../App/systems/servo_system.c:206:13:is_port_valid	16	static
../App/systems/servo_system.c:208:26:get_def	16	static
../App/systems/servo_system.c:214:14:clampf	24	static
../App/systems/servo_system.c:222:13:set_vcc	16	static
../App/systems/servo_system.c:229:13:tim_set_ccr	16	static
../App/systems/servo_system.c:241:13:set_pwm_us	16	static
../App/systems/servo_system.c:248:13:compute_pwm_us_for_position	32	static
../App/systems/servo_system.c:263:13:compute_position_from_pwm	32	static
../App/systems/servo_system.c:279:13:tim_enable_clock	32	static
../App/systems/servo_system.c:286:17:tim_get_clock_hz_apb1	24	static
../App/systems/servo_system.c:294:13:tim_init_1mhz_50hz	24	static
../App/systems/servo_system.c:310:13:tim_config_pwm_channel	16	static
../App/systems/servo_system.c:344:13:tim_start	16	static
../App/systems/servo_system.c:353:13:init_internal_once	56	static,ignoring_inline_asm
../App/systems/servo_system.c:466:13:stop_motor	16	static
../App/systems/servo_system.c:471:13:publish_vectors	32	static
../App/systems/servo_system.c:493:6:ServoSystem_SetServoModel	24	static
../App/systems/servo_system.c:525:9:ServoSystem_GetServoModel	16	static
../App/systems/servo_system.c:531:6:ServoSystem_SetPositionDeg	24	static
../App/systems/servo_system.c:556:6:ServoSystem_SetVelocityDegS	16	static
../App/systems/servo_system.c:563:6:ServoSystem_Controller	24	static
../App/systems/servo_system.c:616:6:servo_system_controller	8	static
