../App/systems/stepper_system.c:169:28:StepperSystem_OnMotorStop	16	static
../App/systems/stepper_system.c:170:28:StepperSystem_OnMotorShutdown	16	static
../App/systems/stepper_system.c:171:28:StepperSystem_OnStatusRequest	16	static
../App/systems/stepper_system.c:177:13:is_port_valid	16	static
../App/systems/stepper_system.c:179:28:get_def	16	static
../App/systems/stepper_system.c:185:16:clamp_i32	24	static
../App/systems/stepper_system.c:193:13:set_enable	16	static
../App/systems/stepper_system.c:200:13:set_direction	16	static
../App/systems/stepper_system.c:206:13:set_microstep_mode	24	static
../App/systems/stepper_system.c:228:13:tim_set_ccr	24	static
../App/systems/stepper_system.c:240:13:set_step_frequency	24	static
../App/systems/stepper_system.c:265:13:init_internal_once	16	static
../App/systems/stepper_system.c:327:13:stop_motor	16	static
../App/systems/stepper_system.c:338:13:shutdown_motor	16	static
../App/systems/stepper_system.c:349:13:publish_status	24	static
../App/systems/stepper_system.c:366:6:StepperSystem_SetStepperModel	24	static
../App/systems/stepper_system.c:395:9:StepperSystem_GetStepperModel	16	static
../App/systems/stepper_system.c:401:6:StepperSystem_SetSpeedStepsS	24	static
../App/systems/stepper_system.c:430:6:StepperSystem_Controller	24	static
../App/systems/stepper_system.c:493:6:stepper_system_controller	8	static
