../App/systems/stepper_system.c:175:28:StepperSystem_OnMotorStop	16	static
../App/systems/stepper_system.c:176:28:StepperSystem_OnMotorShutdown	16	static
../App/systems/stepper_system.c:177:28:StepperSystem_OnStatusRequest	16	static
../App/systems/stepper_system.c:183:13:is_port_valid	16	static
../App/systems/stepper_system.c:185:28:get_def	16	static
../App/systems/stepper_system.c:191:16:clamp_i32	24	static
../App/systems/stepper_system.c:199:13:set_enable	16	static
../App/systems/stepper_system.c:206:13:set_direction	16	static
../App/systems/stepper_system.c:212:13:set_microstep_mode	24	static
../App/systems/stepper_system.c:234:13:tim_set_ccr	24	static
../App/systems/stepper_system.c:246:13:set_step_frequency	40	static
../App/systems/stepper_system.c:309:13:init_internal_once	16	static
../App/systems/stepper_system.c:385:13:stop_motor	16	static
../App/systems/stepper_system.c:396:13:shutdown_motor	16	static
../App/systems/stepper_system.c:407:13:publish_status	24	static
../App/systems/stepper_system.c:424:6:StepperSystem_SetStepperModel	24	static
../App/systems/stepper_system.c:453:9:StepperSystem_GetStepperModel	16	static
../App/systems/stepper_system.c:459:6:StepperSystem_SetSpeedStepsS	24	static
../App/systems/stepper_system.c:488:6:StepperSystem_Controller	24	static
../App/systems/stepper_system.c:551:6:stepper_system_controller	8	static
