../App/Src/can_params.c:56:17:fnv1a_32	24	static
../App/Src/can_params.c:70:13:hash_reset	16	static
../App/Src/can_params.c:78:13:hash_insert	40	static
../App/Src/can_params.c:111:12:find_param_index_fast	40	static
../App/Src/can_params.c:139:12:find_param_index_linear	24	static
../App/Src/can_params.c:154:12:find_param_index	24	static
../App/Src/can_params.c:162:13:trim_name_inplace	32	static
../App/Src/can_params.c:192:13:name_has_internal_space	24	static
../App/Src/can_params.c:204:13:normalize_and_validate_name	24	static
../App/Src/can_params.c:235:17:enter_critical	16	static,ignoring_inline_asm
../App/Src/can_params.c:242:13:exit_critical	16	static,ignoring_inline_asm
../App/Src/can_params.c:254:6:CanParams__Reset	16	static
../App/Src/can_params.c:268:6:CanParams__Create	88	static
../App/Src/can_params.c:312:6:CanParams__LinkEvent	152	static
../App/Src/can_params.c:343:6:CanParams_GetBool	88	static
../App/Src/can_params.c:364:6:CanParams_IsValid	80	static
../App/Src/can_params.c:374:6:CanParams_GetInt32	88	static
../App/Src/can_params.c:395:6:CanParams_GetFloat	88	static
../App/Src/can_params.c:416:6:CanParams_SetBool	88	static
../App/Src/can_params.c:435:6:CanParams_SetInt32	88	static
../App/Src/can_params.c:454:6:CanParams_SetFloat	88	static
../App/Src/can_params.c:473:6:CanParams_GetEvent	96	static
../App/Src/can_params.c:500:6:CanParams_ProcEvent	104	static
../App/Src/can_params.c:534:6:CanParams_SetEvent	88	static
../App/Src/can_params.c:557:6:CanParams__UpdateBool	16	static
../App/Src/can_params.c:562:6:CanParams__UpdateInt32	16	static
../App/Src/can_params.c:567:6:CanParams__UpdateFloat	16	static
../App/Src/can_params.c:572:6:CanParams__UpdateEvent	16	static
